Archive member included to satisfy reference by file (symbol)

c:\source\repos\ed-irrigation\build/..\..\..\..\Users\falve\AppData\Local\Temp\arduino-core-cache\core_arduino_samd_mkrwifi1010_87509c5f7a2933a60a52de5ce586772c.a(cortex_handlers.c.o)
                              (Reset_Handler)
c:\source\repos\ed-irrigation\build/..\..\..\..\Users\falve\AppData\Local\Temp\arduino-core-cache\core_arduino_samd_mkrwifi1010_87509c5f7a2933a60a52de5ce586772c.a(delay.c.o)
                              c:\source\repos\ed-irrigation\build\sketch\ed-irrigation.ino.cpp.o (millis)
c:\source\repos\ed-irrigation\build/..\..\..\..\Users\falve\AppData\Local\Temp\arduino-core-cache\core_arduino_samd_mkrwifi1010_87509c5f7a2933a60a52de5ce586772c.a(hooks.c.o)
                              c:\source\repos\ed-irrigation\build/..\..\..\..\Users\falve\AppData\Local\Temp\arduino-core-cache\core_arduino_samd_mkrwifi1010_87509c5f7a2933a60a52de5ce586772c.a(delay.c.o) (yield)
c:\source\repos\ed-irrigation\build/..\..\..\..\Users\falve\AppData\Local\Temp\arduino-core-cache\core_arduino_samd_mkrwifi1010_87509c5f7a2933a60a52de5ce586772c.a(startup.c.o)
                              c:\source\repos\ed-irrigation\build/..\..\..\..\Users\falve\AppData\Local\Temp\arduino-core-cache\core_arduino_samd_mkrwifi1010_87509c5f7a2933a60a52de5ce586772c.a(cortex_handlers.c.o) (SystemInit)
c:\source\repos\ed-irrigation\build/..\..\..\..\Users\falve\AppData\Local\Temp\arduino-core-cache\core_arduino_samd_mkrwifi1010_87509c5f7a2933a60a52de5ce586772c.a(wiring.c.o)
                              c:\source\repos\ed-irrigation\build/..\..\..\..\Users\falve\AppData\Local\Temp\arduino-core-cache\core_arduino_samd_mkrwifi1010_87509c5f7a2933a60a52de5ce586772c.a(startup.c.o) (SystemCoreClock)
c:\source\repos\ed-irrigation\build/..\..\..\..\Users\falve\AppData\Local\Temp\arduino-core-cache\core_arduino_samd_mkrwifi1010_87509c5f7a2933a60a52de5ce586772c.a(wiring_analog.c.o)
                              c:\source\repos\ed-irrigation\build/..\..\..\..\Users\falve\AppData\Local\Temp\arduino-core-cache\core_arduino_samd_mkrwifi1010_87509c5f7a2933a60a52de5ce586772c.a(wiring.c.o) (analogReference)
c:\source\repos\ed-irrigation\build/..\..\..\..\Users\falve\AppData\Local\Temp\arduino-core-cache\core_arduino_samd_mkrwifi1010_87509c5f7a2933a60a52de5ce586772c.a(wiring_digital.c.o)
                              c:\source\repos\ed-irrigation\build\sketch\src\motor-driver.cpp.o (pinMode)
c:\source\repos\ed-irrigation\build/..\..\..\..\Users\falve\AppData\Local\Temp\arduino-core-cache\core_arduino_samd_mkrwifi1010_87509c5f7a2933a60a52de5ce586772c.a(wiring_private.c.o)
                              c:\source\repos\ed-irrigation\build\libraries\SPI\SPI.cpp.o (pinPeripheral)
c:\source\repos\ed-irrigation\build/..\..\..\..\Users\falve\AppData\Local\Temp\arduino-core-cache\core_arduino_samd_mkrwifi1010_87509c5f7a2933a60a52de5ce586772c.a(Reset.cpp.o)
                              c:\source\repos\ed-irrigation\build/..\..\..\..\Users\falve\AppData\Local\Temp\arduino-core-cache\core_arduino_samd_mkrwifi1010_87509c5f7a2933a60a52de5ce586772c.a(delay.c.o) (tickReset)
c:\source\repos\ed-irrigation\build/..\..\..\..\Users\falve\AppData\Local\Temp\arduino-core-cache\core_arduino_samd_mkrwifi1010_87509c5f7a2933a60a52de5ce586772c.a(SERCOM.cpp.o)
                              c:\source\repos\ed-irrigation\build\core\variant.cpp.o (SERCOM::SERCOM(Sercom*))
c:\source\repos\ed-irrigation\build/..\..\..\..\Users\falve\AppData\Local\Temp\arduino-core-cache\core_arduino_samd_mkrwifi1010_87509c5f7a2933a60a52de5ce586772c.a(CDC.cpp.o)
                              c:\source\repos\ed-irrigation\build\sketch\src\debug.cpp.o (Serial_::getDescriptor(arduino::USBSetup&))
c:\source\repos\ed-irrigation\build/..\..\..\..\Users\falve\AppData\Local\Temp\arduino-core-cache\core_arduino_samd_mkrwifi1010_87509c5f7a2933a60a52de5ce586772c.a(USBCore.cpp.o)
                              c:\source\repos\ed-irrigation\build/..\..\..\..\Users\falve\AppData\Local\Temp\arduino-core-cache\core_arduino_samd_mkrwifi1010_87509c5f7a2933a60a52de5ce586772c.a(CDC.cpp.o) (usbd)
c:\source\repos\ed-irrigation\build/..\..\..\..\Users\falve\AppData\Local\Temp\arduino-core-cache\core_arduino_samd_mkrwifi1010_87509c5f7a2933a60a52de5ce586772c.a(Uart.cpp.o)
                              c:\source\repos\ed-irrigation\build\core\variant.cpp.o (Uart::Uart(SERCOM*, unsigned char, unsigned char, SercomRXPad, SercomUartTXPad, unsigned char, unsigned char))
c:\source\repos\ed-irrigation\build/..\..\..\..\Users\falve\AppData\Local\Temp\arduino-core-cache\core_arduino_samd_mkrwifi1010_87509c5f7a2933a60a52de5ce586772c.a(IPAddress.cpp.o)
                              c:\source\repos\ed-irrigation\build\libraries\WiFiNINA\WiFi.cpp.o (arduino::IPAddress::IPAddress())
c:\source\repos\ed-irrigation\build/..\..\..\..\Users\falve\AppData\Local\Temp\arduino-core-cache\core_arduino_samd_mkrwifi1010_87509c5f7a2933a60a52de5ce586772c.a(PluggableUSB.cpp.o)
[...]
Memory Configuration

Name             Origin             Length             Attributes
FLASH            0x00002000         0x0003e000         xr
RAM              0x20000000         0x00008000         xrw
*default*        0x00000000         0xffffffff

Linker script and memory map

LOAD c:/users/falve/appdata/local/arduino15/packages/arduino/tools/arm-none-eabi-gcc/7-2017q4/bin/../lib/gcc/arm-none-eabi/7.2.1/thumb/v6-m/crti.o
LOAD c:/users/falve/appdata/local/arduino15/packages/arduino/tools/arm-none-eabi-gcc/7-2017q4/bin/../lib/gcc/arm-none-eabi/7.2.1/thumb/v6-m/crtbegin.o
LOAD c:/users/falve/appdata/local/arduino15/packages/arduino/tools/arm-none-eabi-gcc/7-2017q4/bin/../lib/gcc/arm-none-eabi/7.2.1/../../../../arm-none-eabi/lib/thumb/v6-m/crt0.o
LOAD c:\source\repos\ed-irrigation\build\sketch\ed-irrigation.ino.cpp.o
LOAD c:\source\repos\ed-irrigation\build\sketch\src\debug.cpp.o
LOAD c:\source\repos\ed-irrigation\build\sketch\src\http-parser.cpp.o
LOAD c:\source\repos\ed-irrigation\build\sketch\src\http-server.cpp.o
LOAD c:\source\repos\ed-irrigation\build\sketch\src\motor-driver.cpp.o
LOAD c:\source\repos\ed-irrigation\build\sketch\src\wifi-module.cpp.o
LOAD c:\source\repos\ed-irrigation\build\libraries\llhttp\c\llhttp.c.o
LOAD c:\source\repos\ed-irrigation\build\libraries\llhttp\native\api.c.o
LOAD c:\source\repos\ed-irrigation\build\libraries\llhttp\native\http.c.o
LOAD c:\source\repos\ed-irrigation\build\libraries\SPI\SPI.cpp.o
LOAD c:\source\repos\ed-irrigation\build\libraries\WiFiNINA\WiFi.cpp.o
LOAD c:\source\repos\ed-irrigation\build\libraries\WiFiNINA\WiFiClient.cpp.o
LOAD c:\source\repos\ed-irrigation\build\libraries\WiFiNINA\WiFiSSLClient.cpp.o
LOAD c:\source\repos\ed-irrigation\build\libraries\WiFiNINA\WiFiServer.cpp.o
LOAD c:\source\repos\ed-irrigation\build\libraries\WiFiNINA\WiFiStorage.cpp.o
LOAD c:\source\repos\ed-irrigation\build\libraries\WiFiNINA\WiFiUdp.cpp.o
LOAD c:\source\repos\ed-irrigation\build\libraries\WiFiNINA\utility\WiFiSocketBuffer.cpp.o
LOAD c:\source\repos\ed-irrigation\build\libraries\WiFiNINA\utility\server_drv.cpp.o
LOAD c:\source\repos\ed-irrigation\build\libraries\WiFiNINA\utility\spi_drv.cpp.o
LOAD c:\source\repos\ed-irrigation\build\libraries\WiFiNINA\utility\wifi_drv.cpp.o
LOAD c:\source\repos\ed-irrigation\build\core\variant.cpp.o
START GROUP
LOAD C:\Users\falve\AppData\Local\Arduino15\packages\arduino\tools\CMSIS\4.5.0/CMSIS/Lib/GCC/\libarm_cortexM0l_math.a
LOAD c:\source\repos\ed-irrigation\build/..\..\..\..\Users\falve\AppData\Local\Temp\arduino-core-cache\core_arduino_samd_mkrwifi1010_87509c5f7a2933a60a52de5ce586772c.a
END GROUP
LOAD c:/users/falve/appdata/local/arduino15/packages/arduino/tools/arm-none-eabi-gcc/7-2017q4/bin/../lib/gcc/arm-none-eabi/7.2.1/../../../../arm-none-eabi/lib/thumb/v6-m\libstdc++_nano.a
LOAD c:/users/falve/appdata/local/arduino15/packages/arduino/tools/arm-none-eabi-gcc/7-2017q4/bin/../lib/gcc/arm-none-eabi/7.2.1/../../../../arm-none-eabi/lib/thumb/v6-m\libm.a
START GROUP
LOAD c:/users/falve/appdata/local/arduino15/packages/arduino/tools/arm-none-eabi-gcc/7-2017q4/bin/../lib/gcc/arm-none-eabi/7.2.1/thumb/v6-m\libgcc.a
LOAD c:/users/falve/appdata/local/arduino15/packages/arduino/tools/arm-none-eabi-gcc/7-2017q4/bin/../lib/gcc/arm-none-eabi/7.2.1/../../../../arm-none-eabi/lib/thumb/v6-m\libc_nano.a
END GROUP
START GROUP
LOAD c:/users/falve/appdata/local/arduino15/packages/arduino/tools/arm-none-eabi-gcc/7-2017q4/bin/../lib/gcc/arm-none-eabi/7.2.1/thumb/v6-m\libgcc.a
LOAD c:/users/falve/appdata/local/arduino15/packages/arduino/tools/arm-none-eabi-gcc/7-2017q4/bin/../lib/gcc/arm-none-eabi/7.2.1/../../../../arm-none-eabi/lib/thumb/v6-m\libc_nano.a
LOAD c:/users/falve/appdata/local/arduino15/packages/arduino/tools/arm-none-eabi-gcc/7-2017q4/bin/../lib/gcc/arm-none-eabi/7.2.1/../../../../arm-none-eabi/lib/thumb/v6-m\libnosys.a
END GROUP
START GROUP
LOAD c:/users/falve/appdata/local/arduino15/packages/arduino/tools/arm-none-eabi-gcc/7-2017q4/bin/../lib/gcc/arm-none-eabi/7.2.1/thumb/v6-m\libgcc.a
LOAD c:/users/falve/appdata/local/arduino15/packages/arduino/tools/arm-none-eabi-gcc/7-2017q4/bin/../lib/gcc/arm-none-eabi/7.2.1/../../../../arm-none-eabi/lib/thumb/v6-m\libc_nano.a
LOAD c:/users/falve/appdata/local/arduino15/packages/arduino/tools/arm-none-eabi-gcc/7-2017q4/bin/../lib/gcc/arm-none-eabi/7.2.1/../../../../arm-none-eabi/lib/thumb/v6-m\libnosys.a
END GROUP
LOAD c:/users/falve/appdata/local/arduino15/packages/arduino/tools/arm-none-eabi-gcc/7-2017q4/bin/../lib/gcc/arm-none-eabi/7.2.1/thumb/v6-m/crtend.o
LOAD c:/users/falve/appdata/local/arduino15/packages/arduino/tools/arm-none-eabi-gcc/7-2017q4/bin/../lib/gcc/arm-none-eabi/7.2.1/thumb/v6-m/crtn.o

.text           0x00002000     0xab74
                0x00002000                __text_start__ = .
 *(.sketch_boot)
                0x00002000                . = ALIGN (0x2000)
 *(.isr_vector)
 .isr_vector    0x00002000       0xb4 c:\source\repos\ed-irrigation\build/..\..\..\..\Users\falve\AppData\Local\Temp\arduino-core-cache\core_arduino_samd_mkrwifi1010_87509c5f7a2933a60a52de5ce586772c.a(cortex_handlers.c.o)
                0x00002000                exception_table
 *(.text*)
 .text          0x000020b4       0x48 c:/users/falve/appdata/local/arduino15/packages/arduino/tools/arm-none-eabi-gcc/7-2017q4/bin/../lib/gcc/arm-none-eabi/7.2.1/thumb/v6-m/crtbegin.o
 .text._ZN6falven2ad10HttpServerD2Ev
                0x000020fc       0x12 c:\source\repos\ed-irrigation\build\sketch\ed-irrigation.ino.cpp.o
                0x000020fc                falven::ad::HttpServer::~HttpServer()
                0x000020fc                falven::ad::HttpServer::~HttpServer()
 *fill*         0x0000210e        0x2 
 .text.setup    0x00002110       0x98 c:\source\repos\ed-irrigation\build\sketch\ed-irrigation.ino.cpp.o
                0x00002110                setup
 .text.loop     0x000021a8       0x10 c:\source\repos\ed-irrigation\build\sketch\ed-irrigation.ino.cpp.o
                0x000021a8                loop
 .text.startup._GLOBAL__sub_I_pumpDriver
                0x000021b8       0x5c c:\source\repos\ed-irrigation\build\sketch\ed-irrigation.ino.cpp.o
 .text._ZN6falven2ad6LoggerD2Ev
                0x00002214        0x2 c:\source\repos\ed-irrigation\build\sketch\src\debug.cpp.o
                0x00002214                falven::ad::Logger::~Logger()
                0x00002214                falven::ad::Logger::~Logger()
 .text._ZN6falven2ad6LoggerD0Ev
                0x00002216        0xc c:\source\repos\ed-irrigation\build\sketch\src\debug.cpp.o
                0x00002216                falven::ad::Logger::~Logger()
 *fill*         0x00002222        0x2 
 .text.startup._GLOBAL__sub_I_debug
                0x00002224       0x3c c:\source\repos\ed-irrigation\build\sketch\src\debug.cpp.o
 .text._ZN6falven2ad10HttpParserC2Ev
                0x00002260       0xa0 c:\source\repos\ed-irrigation\build\sketch\src\http-parser.cpp.o
                0x00002260                falven::ad::HttpParser::HttpParser()
                0x00002260                falven::ad::HttpParser::HttpParser()
 .text._ZN6falven2ad12OPrintStreamINS0_6LoggerEElsEm
                0x00002300        0xe c:\source\repos\ed-irrigation\build\sketch\src\http-parser.cpp.o
                0x00002300                falven::ad::OPrintStream<falven::ad::Logger>::operator<<(unsigned long)
 .text._ZN6falven2ad12OPrintStreamINS0_6LoggerEElsEi
                0x0000230e        0xe c:\source\repos\ed-irrigation\build\sketch\src\http-parser.cpp.o
                0x0000230e                falven::ad::OPrintStream<falven::ad::Logger>::operator<<(int)
 .text._ZN6falven2ad4endlIvNS0_6LoggerEEERT0_S4_
                0x0000231c       0x14 c:\source\repos\ed-irrigation\build\sketch\src\http-parser.cpp.o
                0x0000231c                falven::ad::Logger& falven::ad::endl<void, falven::ad::Logger>(falven::ad::Logger&)
 .text._ZN6falven2ad10HttpParser21OnHeaderValueCompleteEP18llhttp__internal_s
                0x00002330       0x58 c:\source\repos\ed-irrigation\build\sketch\src\http-parser.cpp.o
                0x00002330                falven::ad::HttpParser::OnHeaderValueComplete(llhttp__internal_s*)
 .text._ZN6falven2ad10HttpParser9CbAdapterIS1_XadL_ZNS1_21OnHeaderValueCompleteEP18llhttp__internal_sEEEEiS4_
                0x00002388        0xc c:\source\repos\ed-irrigation\build\sketch\src\http-parser.cpp.o
                0x00002388                int falven::ad::HttpParser::CbAdapter<falven::ad::HttpParser, &falven::ad::HttpParser::OnHeaderValueComplete>(llhttp__internal_s*)
 .text._ZN6falven2ad10HttpParser5ParseERKN5boost17basic_string_viewIcSt11char_traitsIcEEE
                0x00002394       0xf8 c:\source\repos\ed-irrigation\build\sketch\src\http-parser.cpp.o
                0x00002394                falven::ad::HttpParser::Parse(boost::basic_string_view<char, std::char_traits<char> > const&)
 .text._ZN6falven2ad10HttpParser14OnMessageBeginEP18llhttp__internal_s
                0x0000248c       0x58 c:\source\repos\ed-irrigation\build\sketch\src\http-parser.cpp.o
                0x0000248c                falven::ad::HttpParser::OnMessageBegin(llhttp__internal_s*)
 .text._ZN6falven2ad10HttpParser9CbAdapterIS1_XadL_ZNS1_14OnMessageBeginEP18llhttp__internal_sEEEEiS4_
                0x000024e4        0xc c:\source\repos\ed-irrigation\build\sketch\src\http-parser.cpp.o
                0x000024e4                int falven::ad::HttpParser::CbAdapter<falven::ad::HttpParser, &falven::ad::HttpParser::OnMessageBegin>(llhttp__internal_s*)
 .text._ZN6falven2ad10HttpParser5OnUrlEP18llhttp__internal_sPKcj
                0x000024f0       0x6c c:\source\repos\ed-irrigation\build\sketch\src\http-parser.cpp.o
                0x000024f0                falven::ad::HttpParser::OnUrl(llhttp__internal_s*, char const*, unsigned int)
 .text._ZN6falven2ad10HttpParser9CbAdapterIS1_PKcjXadL_ZNS1_5OnUrlEP18llhttp__internal_sS4_jEEEEiS6_T0_T1_
                0x0000255c       0x10 c:\source\repos\ed-irrigation\build\sketch\src\http-parser.cpp.o
                0x0000255c                int falven::ad::HttpParser::CbAdapter<falven::ad::HttpParser, char const*, unsigned int, &falven::ad::HttpParser::OnUrl>(llhttp__internal_s*, char const*, unsigned int)
 .text._ZN6falven2ad10HttpParser8OnStatusEP18llhttp__internal_sPKcj
                0x0000256c       0x6c c:\source\repos\ed-irrigation\build\sketch\src\http-parser.cpp.o
                0x0000256c                falven::ad::HttpParser::OnStatus(llhttp__internal_s*, char const*, unsigned int)
 .text._ZN6falven2ad10HttpParser9CbAdapterIS1_PKcjXadL_ZNS1_8OnStatusEP18llhttp__internal_sS4_jEEEEiS6_T0_T1_
                0x000025d8       0x10 c:\source\repos\ed-irrigation\build\sketch\src\http-parser.cpp.o
                0x000025d8                int falven::ad::HttpParser::CbAdapter<falven::ad::HttpParser, char const*, unsigned int, &falven::ad::HttpParser::OnStatus>(llhttp__internal_s*, char const*, unsigned int)
 .text._ZN6falven2ad10HttpParser13OnHeaderFieldEP18llhttp__internal_sPKcj
                0x000025e8       0x6c c:\source\repos\ed-irrigation\build\sketch\src\http-parser.cpp.o
                0x000025e8                falven::ad::HttpParser::OnHeaderField(llhttp__internal_s*, char const*, unsigned int)
 .text._ZN6falven2ad10HttpParser9CbAdapterIS1_PKcjXadL_ZNS1_13OnHeaderFieldEP18llhttp__internal_sS4_jEEEEiS6_T0_T1_
                0x00002654       0x10 c:\source\repos\ed-irrigation\build\sketch\src\http-parser.cpp.o
                0x00002654                int falven::ad::HttpParser::CbAdapter<falven::ad::HttpParser, char const*, unsigned int, &falven::ad::HttpParser::OnHeaderField>(llhttp__internal_s*, char const*, unsigned int)
 .text._ZN6falven2ad10HttpParser13OnHeaderValueEP18llhttp__internal_sPKcj
                0x00002664       0x6c c:\source\repos\ed-irrigation\build\sketch\src\http-parser.cpp.o
                0x00002664                falven::ad::HttpParser::OnHeaderValue(llhttp__internal_s*, char const*, unsigned int)
 .text._ZN6falven2ad10HttpParser9CbAdapterIS1_PKcjXadL_ZNS1_13OnHeaderValueEP18llhttp__internal_sS4_jEEEEiS6_T0_T1_
                0x000026d0       0x10 c:\source\repos\ed-irrigation\build\sketch\src\http-parser.cpp.o
                0x000026d0                int falven::ad::HttpParser::CbAdapter<falven::ad::HttpParser, char const*, unsigned int, &falven::ad::HttpParser::OnHeaderValue>(llhttp__internal_s*, char const*, unsigned int)
 .text._ZN6falven2ad10HttpParser17OnHeadersCompleteEP18llhttp__internal_s
                0x000026e0       0x58 c:\source\repos\ed-irrigation\build\sketch\src\http-parser.cpp.o
                0x000026e0                falven::ad::HttpParser::OnHeadersComplete(llhttp__internal_s*)
 .text._ZN6falven2ad10HttpParser9CbAdapterIS1_XadL_ZNS1_17OnHeadersCompleteEP18llhttp__internal_sEEEEiS4_
                0x00002738        0xc c:\source\repos\ed-irrigation\build\sketch\src\http-parser.cpp.o
                0x00002738                int falven::ad::HttpParser::CbAdapter<falven::ad::HttpParser, &falven::ad::HttpParser::OnHeadersComplete>(llhttp__internal_s*)
 .text._ZN6falven2ad10HttpParser6OnBodyEP18llhttp__internal_sPKcj
                0x00002744       0x6c c:\source\repos\ed-irrigation\build\sketch\src\http-parser.cpp.o
                0x00002744                falven::ad::HttpParser::OnBody(llhttp__internal_s*, char const*, unsigned int)
 .text._ZN6falven2ad10HttpParser9CbAdapterIS1_PKcjXadL_ZNS1_6OnBodyEP18llhttp__internal_sS4_jEEEEiS6_T0_T1_
                0x000027b0       0x10 c:\source\repos\ed-irrigation\build\sketch\src\http-parser.cpp.o
                0x000027b0                int falven::ad::HttpParser::CbAdapter<falven::ad::HttpParser, char const*, unsigned int, &falven::ad::HttpParser::OnBody>(llhttp__internal_s*, char const*, unsigned int)
 .text._ZN6falven2ad10HttpParser17OnMessageCompleteEP18llhttp__internal_s
                0x000027c0       0x58 c:\source\repos\ed-irrigation\build\sketch\src\http-parser.cpp.o
                0x000027c0                falven::ad::HttpParser::OnMessageComplete(llhttp__internal_s*)
 .text._ZN6falven2ad10HttpParser9CbAdapterIS1_XadL_ZNS1_17OnMessageCompleteEP18llhttp__internal_sEEEEiS4_
                0x00002818        0xc c:\source\repos\ed-irrigation\build\sketch\src\http-parser.cpp.o
                0x00002818                int falven::ad::HttpParser::CbAdapter<falven::ad::HttpParser, &falven::ad::HttpParser::OnMessageComplete>(llhttp__internal_s*)
 .text._ZN6falven2ad10HttpParser13OnChunkHeaderEP18llhttp__internal_s
                0x00002824       0x58 c:\source\repos\ed-irrigation\build\sketch\src\http-parser.cpp.o
                0x00002824                falven::ad::HttpParser::OnChunkHeader(llhttp__internal_s*)
 .text._ZN6falven2ad10HttpParser9CbAdapterIS1_XadL_ZNS1_13OnChunkHeaderEP18llhttp__internal_sEEEEiS4_
                0x0000287c        0xc c:\source\repos\ed-irrigation\build\sketch\src\http-parser.cpp.o
                0x0000287c                int falven::ad::HttpParser::CbAdapter<falven::ad::HttpParser, &falven::ad::HttpParser::OnChunkHeader>(llhttp__internal_s*)
 .text._ZN6falven2ad10HttpParser15OnChunkCompleteEP18llhttp__internal_s
                0x00002888       0x58 c:\source\repos\ed-irrigation\build\sketch\src\http-parser.cpp.o
                0x00002888                falven::ad::HttpParser::OnChunkComplete(llhttp__internal_s*)
 .text._ZN6falven2ad10HttpParser9CbAdapterIS1_XadL_ZNS1_15OnChunkCompleteEP18llhttp__internal_sEEEEiS4_
                0x000028e0        0xc c:\source\repos\ed-irrigation\build\sketch\src\http-parser.cpp.o
                0x000028e0                int falven::ad::HttpParser::CbAdapter<falven::ad::HttpParser, &falven::ad::HttpParser::OnChunkComplete>(llhttp__internal_s*)
 .text._ZN6falven2ad10HttpParser13OnUrlCompleteEP18llhttp__internal_s
                0x000028ec       0x58 c:\source\repos\ed-irrigation\build\sketch\src\http-parser.cpp.o
                0x000028ec                falven::ad::HttpParser::OnUrlComplete(llhttp__internal_s*)
 .text._ZN6falven2ad10HttpParser9CbAdapterIS1_XadL_ZNS1_13OnUrlCompleteEP18llhttp__internal_sEEEEiS4_
                0x00002944        0xc c:\source\repos\ed-irrigation\build\sketch\src\http-parser.cpp.o
                0x00002944                int falven::ad::HttpParser::CbAdapter<falven::ad::HttpParser, &falven::ad::HttpParser::OnUrlComplete>(llhttp__internal_s*)
 .text._ZN6falven2ad10HttpParser16OnStatusCompleteEP18llhttp__internal_s
                0x00002950       0x58 c:\source\repos\ed-irrigation\build\sketch\src\http-parser.cpp.o
                0x00002950                falven::ad::HttpParser::OnStatusComplete(llhttp__internal_s*)
 .text._ZN6falven2ad10HttpParser9CbAdapterIS1_XadL_ZNS1_16OnStatusCompleteEP18llhttp__internal_sEEEEiS4_
                0x000029a8        0xc c:\source\repos\ed-irrigation\build\sketch\src\http-parser.cpp.o
                0x000029a8                int falven::ad::HttpParser::CbAdapter<falven::ad::HttpParser, &falven::ad::HttpParser::OnStatusComplete>(llhttp__internal_s*)
 .text._ZN6falven2ad10HttpParser21OnHeaderFieldCompleteEP18llhttp__internal_s
                0x000029b4       0x58 c:\source\repos\ed-irrigation\build\sketch\src\http-parser.cpp.o
                0x000029b4                falven::ad::HttpParser::OnHeaderFieldComplete(llhttp__internal_s*)
 .text._ZN6falven2ad10HttpParser9CbAdapterIS1_XadL_ZNS1_21OnHeaderFieldCompleteEP18llhttp__internal_sEEEEiS4_
                0x00002a0c        0xc c:\source\repos\ed-irrigation\build\sketch\src\http-parser.cpp.o
                0x00002a0c                int falven::ad::HttpParser::CbAdapter<falven::ad::HttpParser, &falven::ad::HttpParser::OnHeaderFieldComplete>(llhttp__internal_s*)
 .text._ZN6falven2ad10HttpServerC2Et
                0x00002a18       0x34 c:\source\repos\ed-irrigation\build\sketch\src\http-server.cpp.o
                0x00002a18                falven::ad::HttpServer::HttpServer(unsigned short)
                0x00002a18                falven::ad::HttpServer::HttpServer(unsigned short)
 .text._ZN6falven2ad10HttpServer5StartEv
                0x00002a4c       0x64 c:\source\repos\ed-irrigation\build\sketch\src\http-server.cpp.o
                0x00002a4c                falven::ad::HttpServer::Start()
 .text._ZN6falven2ad10HttpServer6ListenEv
                0x00002ab0      0x1d0 c:\source\repos\ed-irrigation\build\sketch\src\http-server.cpp.o
                0x00002ab0                falven::ad::HttpServer::Listen()
 .text._ZN6falven2ad11MotorDriverC2Ehhhm
                0x00002c80       0x16 c:\source\repos\ed-irrigation\build\sketch\src\motor-driver.cpp.o
                0x00002c80                falven::ad::MotorDriver::MotorDriver(unsigned char, unsigned char, unsigned char, unsigned long)
                0x00002c80                falven::ad::MotorDriver::MotorDriver(unsigned char, unsigned char, unsigned char, unsigned long)
 *fill*         0x00002c96        0x2 
 .text._ZN6falven2ad11MotorDriver4StopEv.part.0
                0x00002c98       0x7c c:\source\repos\ed-irrigation\build\sketch\src\motor-driver.cpp.o
 .text._ZN6falven2ad11MotorDriver9SetupPinsEv
                0x00002d14       0x80 c:\source\repos\ed-irrigation\build\sketch\src\motor-driver.cpp.o
                0x00002d14                falven::ad::MotorDriver::SetupPins()
 .text._ZN6falven2ad10WifiModuleC2EPKcS3_S3_m
                0x00002d94       0x10 c:\source\repos\ed-irrigation\build\sketch\src\wifi-module.cpp.o
                0x00002d94                falven::ad::WifiModule::WifiModule(char const*, char const*, char const*, unsigned long)
                0x00002d94                falven::ad::WifiModule::WifiModule(char const*, char const*, char const*, unsigned long)
 .text._ZN6falven2ad10WifiModule10PollModuleEv
                0x00002da4       0x68 c:\source\repos\ed-irrigation\build\sketch\src\wifi-module.cpp.o
                0x00002da4                falven::ad::WifiModule::PollModule()
 .text._ZN6falven2ad10WifiModule13CheckFirmwareEv
                0x00002e0c       0x88 c:\source\repos\ed-irrigation\build\sketch\src\wifi-module.cpp.o
                0x00002e0c                falven::ad::WifiModule::CheckFirmware()
 .text._ZN6falven2ad10WifiModule11SetHostnameEv
                0x00002e94       0x64 c:\source\repos\ed-irrigation\build\sketch\src\wifi-module.cpp.o
                0x00002e94                falven::ad::WifiModule::SetHostname()
 .text._ZN6falven2ad10WifiModule9ConfigureEv
                0x00002ef8       0x6c c:\source\repos\ed-irrigation\build\sketch\src\wifi-module.cpp.o
                0x00002ef8                falven::ad::WifiModule::Configure()
 .text._ZN6falven2ad10WifiModule7ConnectEv
                0x00002f64      0x1cc c:\source\repos\ed-irrigation\build\sketch\src\wifi-module.cpp.o
                0x00002f64                falven::ad::WifiModule::Connect()
 .text.llparse__match_sequence_to_lower.isra.0
                0x00003130       0x40 c:\source\repos\ed-irrigation\build\libraries\llhttp\c\llhttp.c.o
 .text.llparse__match_sequence_id.isra.2
                0x00003170       0x34 c:\source\repos\ed-irrigation\build\libraries\llhttp\c\llhttp.c.o
 .text.llhttp__internal__c_mul_add_content_length
                0x000031a4       0x54 c:\source\repos\ed-irrigation\build\libraries\llhttp\c\llhttp.c.o
                0x000031a4                llhttp__internal__c_mul_add_content_length
 .text.llhttp__internal__c_mul_add_content_length_1
                0x000031f8       0x64 c:\source\repos\ed-irrigation\build\libraries\llhttp\c\llhttp.c.o
                0x000031f8                llhttp__internal__c_mul_add_content_length_1
 .text.llhttp__internal__c_mul_add_status_code
                0x0000325c       0x44 c:\source\repos\ed-irrigation\build\libraries\llhttp\c\llhttp.c.o
                0x0000325c                llhttp__internal__c_mul_add_status_code
 .text.llhttp__internal__run
                0x000032a0     0x2ccc c:\source\repos\ed-irrigation\build\libraries\llhttp\c\llhttp.c.o
 .text.llhttp__internal_init
                0x00005f6c       0x14 c:\source\repos\ed-irrigation\build\libraries\llhttp\c\llhttp.c.o
                0x00005f6c                llhttp__internal_init
 .text.llhttp__internal_execute
                0x00005f80       0x3e c:\source\repos\ed-irrigation\build\libraries\llhttp\c\llhttp.c.o
                0x00005f80                llhttp__internal_execute
 .text.llhttp_init
                0x00005fbe       0x16 c:\source\repos\ed-irrigation\build\libraries\llhttp\native\api.c.o
                0x00005fbe                llhttp_init
 .text.llhttp_execute
                0x00005fd4        0xc c:\source\repos\ed-irrigation\build\libraries\llhttp\native\api.c.o
                0x00005fd4                llhttp_execute
 .text.llhttp_settings_init
                0x00005fe0        0xc c:\source\repos\ed-irrigation\build\libraries\llhttp\native\api.c.o
                0x00005fe0                llhttp_settings_init
 .text.llhttp_errno_name
                0x00005fec       0xf0 c:\source\repos\ed-irrigation\build\libraries\llhttp\native\api.c.o
                0x00005fec                llhttp_errno_name
 .text.llhttp__on_message_begin
                0x000060dc       0x16 c:\source\repos\ed-irrigation\build\libraries\llhttp\native\api.c.o
                0x000060dc                llhttp__on_message_begin
 *fill*         0x000060f2        0x2 
 .text.llhttp__on_url
                0x000060f4       0x28 c:\source\repos\ed-irrigation\build\libraries\llhttp\native\api.c.o
                0x000060f4                llhttp__on_url
 .text.llhttp__on_url_complete
                0x0000611c       0x16 c:\source\repos\ed-irrigation\build\libraries\llhttp\native\api.c.o
                0x0000611c                llhttp__on_url_complete
 *fill*         0x00006132        0x2 
 .text.llhttp__on_status
                0x00006134       0x28 c:\source\repos\ed-irrigation\build\libraries\llhttp\native\api.c.o
                0x00006134                llhttp__on_status
 .text.llhttp__on_status_complete
                0x0000615c       0x16 c:\source\repos\ed-irrigation\build\libraries\llhttp\native\api.c.o
                0x0000615c                llhttp__on_status_complete
 *fill*         0x00006172        0x2 
 .text.llhttp__on_header_field
                0x00006174       0x28 c:\source\repos\ed-irrigation\build\libraries\llhttp\native\api.c.o
                0x00006174                llhttp__on_header_field
 .text.llhttp__on_header_field_complete
                0x0000619c       0x16 c:\source\repos\ed-irrigation\build\libraries\llhttp\native\api.c.o
                0x0000619c                llhttp__on_header_field_complete
 *fill*         0x000061b2        0x2 
 .text.llhttp__on_header_value
                0x000061b4       0x28 c:\source\repos\ed-irrigation\build\libraries\llhttp\native\api.c.o
                0x000061b4                llhttp__on_header_value
 .text.llhttp__on_header_value_complete
                0x000061dc       0x16 c:\source\repos\ed-irrigation\build\libraries\llhttp\native\api.c.o
                0x000061dc                llhttp__on_header_value_complete
 .text.llhttp__on_headers_complete
                0x000061f2       0x16 c:\source\repos\ed-irrigation\build\libraries\llhttp\native\api.c.o
                0x000061f2                llhttp__on_headers_complete
 .text.llhttp__on_message_complete
                0x00006208       0x16 c:\source\repos\ed-irrigation\build\libraries\llhttp\native\api.c.o
                0x00006208                llhttp__on_message_complete
 *fill*         0x0000621e        0x2 
 .text.llhttp__on_body
                0x00006220       0x28 c:\source\repos\ed-irrigation\build\libraries\llhttp\native\api.c.o
                0x00006220                llhttp__on_body
 .text.llhttp__on_chunk_header
                0x00006248       0x16 c:\source\repos\ed-irrigation\build\libraries\llhttp\native\api.c.o
                0x00006248                llhttp__on_chunk_header
 .text.llhttp__on_chunk_complete
                0x0000625e       0x16 c:\source\repos\ed-irrigation\build\libraries\llhttp\native\api.c.o
                0x0000625e                llhttp__on_chunk_complete
 .text.llhttp__before_headers_complete
                0x00006274       0x30 c:\source\repos\ed-irrigation\build\libraries\llhttp\native\http.c.o
                0x00006274                llhttp__before_headers_complete
 .text.llhttp_message_needs_eof
                0x000062a4       0x42 c:\source\repos\ed-irrigation\build\libraries\llhttp\native\http.c.o
                0x000062a4                llhttp_message_needs_eof
 .text.llhttp__after_headers_complete
                0x000062e6       0x80 c:\source\repos\ed-irrigation\build\libraries\llhttp\native\http.c.o
                0x000062e6                llhttp__after_headers_complete
 .text.llhttp_should_keep_alive
                0x00006366       0x32 c:\source\repos\ed-irrigation\build\libraries\llhttp\native\http.c.o
                0x00006366                llhttp_should_keep_alive
 .text.llhttp__after_message_complete
                0x00006398       0x14 c:\source\repos\ed-irrigation\build\libraries\llhttp\native\http.c.o
                0x00006398                llhttp__after_message_complete
 .text._ZN12SPIClassSAMD8transferEPvj
                0x000063ac       0x1e c:\source\repos\ed-irrigation\build\libraries\SPI\SPI.cpp.o
                0x000063ac                SPIClassSAMD::transfer(void*, unsigned int)
 .text._ZN12SPIClassSAMD15attachInterruptEv
                0x000063ca        0x2 c:\source\repos\ed-irrigation\build\libraries\SPI\SPI.cpp.o
                0x000063ca                SPIClassSAMD::detachInterrupt()
                0x000063ca                SPIClassSAMD::attachInterrupt()
 .text._ZN12SPIClassSAMDD2Ev
                0x000063cc        0x2 c:\source\repos\ed-irrigation\build\libraries\SPI\SPI.cpp.o
                0x000063cc                SPIClassSAMD::~SPIClassSAMD()
                0x000063cc                SPIClassSAMD::~SPIClassSAMD()
 .text._ZN12SPIClassSAMD3endEv
                0x000063ce       0x10 c:\source\repos\ed-irrigation\build\libraries\SPI\SPI.cpp.o
                0x000063ce                SPIClassSAMD::end()
 .text._ZN12SPIClassSAMD8transferEh
                0x000063de        0xa c:\source\repos\ed-irrigation\build\libraries\SPI\SPI.cpp.o
                0x000063de                SPIClassSAMD::transfer(unsigned char)
 .text._ZN12SPIClassSAMD10transfer16Et
                0x000063e8       0x58 c:\source\repos\ed-irrigation\build\libraries\SPI\SPI.cpp.o
                0x000063e8                SPIClassSAMD::transfer16(unsigned short)
 .text._ZN12SPIClassSAMDD0Ev
                0x00006440        0xc c:\source\repos\ed-irrigation\build\libraries\SPI\SPI.cpp.o
                0x00006440                SPIClassSAMD::~SPIClassSAMD()
 .text._ZN12SPIClassSAMD14usingInterruptEi
                0x0000644c       0x44 c:\source\repos\ed-irrigation\build\libraries\SPI\SPI.cpp.o
                0x0000644c                SPIClassSAMD::usingInterrupt(int)
 .text._ZN12SPIClassSAMD17notUsingInterruptEi
                0x00006490       0x3c c:\source\repos\ed-irrigation\build\libraries\SPI\SPI.cpp.o
                0x00006490                SPIClassSAMD::notUsingInterrupt(int)
 .text._ZN12SPIClassSAMD14endTransactionEv
                0x000064cc       0x28 c:\source\repos\ed-irrigation\build\libraries\SPI\SPI.cpp.o
                0x000064cc                SPIClassSAMD::endTransaction()
 .text._ZN12SPIClassSAMD4initEv
                0x000064f4       0x12 c:\source\repos\ed-irrigation\build\libraries\SPI\SPI.cpp.o
                0x000064f4                SPIClassSAMD::init()
 *fill*         0x00006506        0x2 
 .text._ZN12SPIClassSAMD6configEN7arduino11SPISettingsE
                0x00006508       0x74 c:\source\repos\ed-irrigation\build\libraries\SPI\SPI.cpp.o
                0x00006508                SPIClassSAMD::config(arduino::SPISettings)
 .text._ZN12SPIClassSAMD5beginEv
                0x0000657c       0x50 c:\source\repos\ed-irrigation\build\libraries\SPI\SPI.cpp.o
                0x0000657c                SPIClassSAMD::begin()
 .text._ZN12SPIClassSAMD16beginTransactionEN7arduino11SPISettingsE
                0x000065cc       0x38 c:\source\repos\ed-irrigation\build\libraries\SPI\SPI.cpp.o
                0x000065cc                SPIClassSAMD::beginTransaction(arduino::SPISettings)
 .text.startup._GLOBAL__sub_I__ZN12SPIClassSAMDC2EP6SERCOMhhh14SercomSpiTXPad11SercomRXPad
                0x00006604       0x98 c:\source\repos\ed-irrigation\build\libraries\SPI\SPI.cpp.o
 .text._ZN9WiFiClass15firmwareVersionEv
                0x0000669c        0x8 c:\source\repos\ed-irrigation\build\libraries\WiFiNINA\WiFi.cpp.o
                0x0000669c                WiFiClass::firmwareVersion()
 .text._ZN9WiFiClass5beginEPKcS1_
                0x000066a4       0x50 c:\source\repos\ed-irrigation\build\libraries\WiFiNINA\WiFi.cpp.o
                0x000066a4                WiFiClass::begin(char const*, char const*)
 .text._ZN9WiFiClass11setHostnameEPKc
                0x000066f4        0xa c:\source\repos\ed-irrigation\build\libraries\WiFiNINA\WiFi.cpp.o
                0x000066f4                WiFiClass::setHostname(char const*)
 .text._ZN9WiFiClass7localIPEv
                0x000066fe       0x12 c:\source\repos\ed-irrigation\build\libraries\WiFiNINA\WiFi.cpp.o
                0x000066fe                WiFiClass::localIP()
 .text._ZN9WiFiClass4RSSIEv
                0x00006710        0x8 c:\source\repos\ed-irrigation\build\libraries\WiFiNINA\WiFi.cpp.o
                0x00006710                WiFiClass::RSSI()
 .text._ZN9WiFiClass6statusEv
                0x00006718        0x8 c:\source\repos\ed-irrigation\build\libraries\WiFiNINA\WiFi.cpp.o
                0x00006718                WiFiClass::status()
 .text._ZN9WiFiClass10hostByNameEPKcRN7arduino9IPAddressE
                0x00006720        0xc c:\source\repos\ed-irrigation\build\libraries\WiFiNINA\WiFi.cpp.o
                0x00006720                WiFiClass::hostByName(char const*, arduino::IPAddress&)
 .text.startup._GLOBAL__sub_I__ZN9WiFiClassC2Ev
                0x0000672c       0x10 c:\source\repos\ed-irrigation\build\libraries\WiFiNINA\WiFi.cpp.o
 .text._ZN7arduino5Print17availableForWriteEv
                0x0000673c        0x4 c:\source\repos\ed-irrigation\build\libraries\WiFiNINA\WiFiClient.cpp.o
                0x0000673c                arduino::Print::availableForWrite()
 .text._ZN10WiFiClient5writeEh
                0x00006740       0x14 c:\source\repos\ed-irrigation\build\libraries\WiFiNINA\WiFiClient.cpp.o
                0x00006740                WiFiClient::write(unsigned char)
 .text._ZN10WiFiClient8setRetryEb
                0x00006754        0x4 c:\source\repos\ed-irrigation\build\libraries\WiFiNINA\WiFiClient.cpp.o
                0x00006754                WiFiClient::setRetry(bool)
 .text._ZN10WiFiClient5flushEv
                0x00006758        0x2 c:\source\repos\ed-irrigation\build\libraries\WiFiNINA\WiFiClient.cpp.o
                0x00006758                WiFiClient::flush()
 .text._ZN10WiFiClientcvbEv
                0x0000675a        0xc c:\source\repos\ed-irrigation\build\libraries\WiFiNINA\WiFiClient.cpp.o
                0x0000675a                WiFiClient::operator bool()
 *fill*         0x00006766        0x2 
 .text._ZN10WiFiClient7connectEPKct
                0x00006768       0x40 c:\source\repos\ed-irrigation\build\libraries\WiFiNINA\WiFiClient.cpp.o
                0x00006768                WiFiClient::connect(char const*, unsigned short)
 .text._ZN10WiFiClient7connectEN7arduino9IPAddressEt
                0x000067a8       0x78 c:\source\repos\ed-irrigation\build\libraries\WiFiNINA\WiFiClient.cpp.o
                0x000067a8                WiFiClient::connect(arduino::IPAddress, unsigned short)
 .text._ZN10WiFiClient10connectSSLEN7arduino9IPAddressEt
                0x00006820       0x78 c:\source\repos\ed-irrigation\build\libraries\WiFiNINA\WiFiClient.cpp.o
                0x00006820                WiFiClient::connectSSL(arduino::IPAddress, unsigned short)
 .text._ZN10WiFiClient14connectBearSSLEN7arduino9IPAddressEt
                0x00006898       0x78 c:\source\repos\ed-irrigation\build\libraries\WiFiNINA\WiFiClient.cpp.o
                0x00006898                WiFiClient::connectBearSSL(arduino::IPAddress, unsigned short)
 .text._ZN10WiFiClient10connectSSLEPKct
                0x00006910       0x84 c:\source\repos\ed-irrigation\build\libraries\WiFiNINA\WiFiClient.cpp.o
                0x00006910                WiFiClient::connectSSL(char const*, unsigned short)
 .text._ZN10WiFiClient14connectBearSSLEPKct
                0x00006994       0x84 c:\source\repos\ed-irrigation\build\libraries\WiFiNINA\WiFiClient.cpp.o
                0x00006994                WiFiClient::connectBearSSL(char const*, unsigned short)
 .text._ZN10WiFiClient5writeEPKhj
                0x00006a18       0x56 c:\source\repos\ed-irrigation\build\libraries\WiFiNINA\WiFiClient.cpp.o
                0x00006a18                WiFiClient::write(unsigned char const*, unsigned int)
 *fill*         0x00006a6e        0x2 
 .text._ZN10WiFiClient9availableEv
                0x00006a70       0x18 c:\source\repos\ed-irrigation\build\libraries\WiFiNINA\WiFiClient.cpp.o
                0x00006a70                WiFiClient::available()
 .text._ZN10WiFiClient4readEv
                0x00006a88       0x2c c:\source\repos\ed-irrigation\build\libraries\WiFiNINA\WiFiClient.cpp.o
                0x00006a88                WiFiClient::read()
 .text._ZN10WiFiClient4readEPhj
                0x00006ab4       0x18 c:\source\repos\ed-irrigation\build\libraries\WiFiNINA\WiFiClient.cpp.o
                0x00006ab4                WiFiClient::read(unsigned char*, unsigned int)
 .text._ZN10WiFiClient4peekEv
                0x00006acc       0x10 c:\source\repos\ed-irrigation\build\libraries\WiFiNINA\WiFiClient.cpp.o
                0x00006acc                WiFiClient::peek()
 .text._ZN10WiFiClient10remotePortEv
                0x00006adc       0x22 c:\source\repos\ed-irrigation\build\libraries\WiFiNINA\WiFiClient.cpp.o
                0x00006adc                WiFiClient::remotePort()
 .text._ZN10WiFiClient8remoteIPEv
                0x00006afe       0x20 c:\source\repos\ed-irrigation\build\libraries\WiFiNINA\WiFiClient.cpp.o
                0x00006afe                WiFiClient::remoteIP()
 .text._ZN10WiFiClient5retryEPKhjb
                0x00006b1e       0x26 c:\source\repos\ed-irrigation\build\libraries\WiFiNINA\WiFiClient.cpp.o
                0x00006b1e                WiFiClient::retry(unsigned char const*, unsigned int, bool)
 .text._ZN10WiFiClientC2Eh
                0x00006b44       0x1c c:\source\repos\ed-irrigation\build\libraries\WiFiNINA\WiFiClient.cpp.o
                0x00006b44                WiFiClient::WiFiClient(unsigned char)
                0x00006b44                WiFiClient::WiFiClient(unsigned char)
 .text._ZN10WiFiClient6statusEv
                0x00006b60       0x12 c:\source\repos\ed-irrigation\build\libraries\WiFiNINA\WiFiClient.cpp.o
                0x00006b60                WiFiClient::status()
 *fill*         0x00006b72        0x2 
 .text._ZN10WiFiClient4stopEv
                0x00006b74       0x3c c:\source\repos\ed-irrigation\build\libraries\WiFiNINA\WiFiClient.cpp.o
                0x00006b74                WiFiClient::stop()
 .text._ZN10WiFiClient9connectedEv
                0x00006bb0       0x44 c:\source\repos\ed-irrigation\build\libraries\WiFiNINA\WiFiClient.cpp.o
                0x00006bb0                WiFiClient::connected()
 .text._ZN7arduino5Print5flushEv
                0x00006bf4        0x2 c:\source\repos\ed-irrigation\build\libraries\WiFiNINA\WiFiServer.cpp.o
                0x00006bf4                arduino::Print::flush()
 .text._ZN10WiFiServer5writeEh
                0x00006bf6       0x14 c:\source\repos\ed-irrigation\build\libraries\WiFiNINA\WiFiServer.cpp.o
                0x00006bf6                WiFiServer::write(unsigned char)
 .text._ZN10WiFiServer5beginEv
                0x00006c0a       0x1a c:\source\repos\ed-irrigation\build\libraries\WiFiNINA\WiFiServer.cpp.o
                0x00006c0a                WiFiServer::begin()
 .text._ZN10WiFiServer5writeEPKhj
                0x00006c24       0x2a c:\source\repos\ed-irrigation\build\libraries\WiFiNINA\WiFiServer.cpp.o
                0x00006c24                WiFiServer::write(unsigned char const*, unsigned int)
 *fill*         0x00006c4e        0x2 
 .text._ZN10WiFiServerC2Et
                0x00006c50       0x18 c:\source\repos\ed-irrigation\build\libraries\WiFiNINA\WiFiServer.cpp.o
                0x00006c50                WiFiServer::WiFiServer(unsigned short)
                0x00006c50                WiFiServer::WiFiServer(unsigned short)
 .text._ZN10WiFiServer9availableEPh
                0x00006c68       0x90 c:\source\repos\ed-irrigation\build\libraries\WiFiNINA\WiFiServer.cpp.o
                0x00006c68                WiFiServer::available(unsigned char*)
 .text._ZN21WiFiSocketBufferClassC2Ev
                0x00006cf8       0x10 c:\source\repos\ed-irrigation\build\libraries\WiFiNINA\utility\WiFiSocketBuffer.cpp.o
                0x00006cf8                WiFiSocketBufferClass::WiFiSocketBufferClass()
                0x00006cf8                WiFiSocketBufferClass::WiFiSocketBufferClass()
 .text._ZN21WiFiSocketBufferClass5closeEi
                0x00006d08       0x1c c:\source\repos\ed-irrigation\build\libraries\WiFiNINA\utility\WiFiSocketBuffer.cpp.o
                0x00006d08                WiFiSocketBufferClass::close(int)
 .text._ZN21WiFiSocketBufferClassD2Ev
                0x00006d24       0x18 c:\source\repos\ed-irrigation\build\libraries\WiFiNINA\utility\WiFiSocketBuffer.cpp.o
                0x00006d24                WiFiSocketBufferClass::~WiFiSocketBufferClass()
                0x00006d24                WiFiSocketBufferClass::~WiFiSocketBufferClass()
 .text._ZN21WiFiSocketBufferClass9availableEi
                0x00006d3c       0x58 c:\source\repos\ed-irrigation\build\libraries\WiFiNINA\utility\WiFiSocketBuffer.cpp.o
                0x00006d3c                WiFiSocketBufferClass::available(int)
 .text._ZN21WiFiSocketBufferClass4peekEi
                0x00006d94       0x20 c:\source\repos\ed-irrigation\build\libraries\WiFiNINA\utility\WiFiSocketBuffer.cpp.o
                0x00006d94                WiFiSocketBufferClass::peek(int)
 .text._ZN21WiFiSocketBufferClass4readEiPhj
                0x00006db4       0x38 c:\source\repos\ed-irrigation\build\libraries\WiFiNINA\utility\WiFiSocketBuffer.cpp.o
                0x00006db4                WiFiSocketBufferClass::read(int, unsigned char*, unsigned int)
 .text.startup._GLOBAL__sub_I__ZN21WiFiSocketBufferClassC2Ev
                0x00006dec       0x24 c:\source\repos\ed-irrigation\build\libraries\WiFiNINA\utility\WiFiSocketBuffer.cpp.o
 .text._ZN9ServerDrv11startServerEthh
                0x00006e10       0x7c c:\source\repos\ed-irrigation\build\libraries\WiFiNINA\utility\server_drv.cpp.o
                0x00006e10                ServerDrv::startServer(unsigned short, unsigned char, unsigned char)
 .text._ZN9ServerDrv11startClientEmthh
                0x00006e8c       0x84 c:\source\repos\ed-irrigation\build\libraries\WiFiNINA\utility\server_drv.cpp.o
                0x00006e8c                ServerDrv::startClient(unsigned long, unsigned short, unsigned char, unsigned char)
 .text._ZN9ServerDrv11startClientEPKchmthh
                0x00006f10       0xa8 c:\source\repos\ed-irrigation\build\libraries\WiFiNINA\utility\server_drv.cpp.o
                0x00006f10                ServerDrv::startClient(char const*, unsigned char, unsigned long, unsigned short, unsigned char, unsigned char)
 .text._ZN9ServerDrv10stopClientEh
                0x00006fb8       0x68 c:\source\repos\ed-irrigation\build\libraries\WiFiNINA\utility\server_drv.cpp.o
                0x00006fb8                ServerDrv::stopClient(unsigned char)
 .text._ZN9ServerDrv14getClientStateEh
                0x00007020       0x6c c:\source\repos\ed-irrigation\build\libraries\WiFiNINA\utility\server_drv.cpp.o
                0x00007020                ServerDrv::getClientState(unsigned char)
 .text._ZN9ServerDrv11availServerEh
                0x0000708c       0x78 c:\source\repos\ed-irrigation\build\libraries\WiFiNINA\utility\server_drv.cpp.o
                0x0000708c                ServerDrv::availServer(unsigned char)
 .text._ZN9ServerDrv10getDataBufEhPhPt
                0x00007104       0x78 c:\source\repos\ed-irrigation\build\libraries\WiFiNINA\utility\server_drv.cpp.o
                0x00007104                ServerDrv::getDataBuf(unsigned char, unsigned char*, unsigned short*)
 .text._ZN9ServerDrv8sendDataEhPKht
                0x0000717c       0x84 c:\source\repos\ed-irrigation\build\libraries\WiFiNINA\utility\server_drv.cpp.o
                0x0000717c                ServerDrv::sendData(unsigned char, unsigned char const*, unsigned short)
 .text._ZN9ServerDrv13checkDataSentEh
                0x00007200       0x98 c:\source\repos\ed-irrigation\build\libraries\WiFiNINA\utility\server_drv.cpp.o
                0x00007200                ServerDrv::checkDataSent(unsigned char)
 .text._ZN9ServerDrv9getSocketEv
                0x00007298       0x54 c:\source\repos\ed-irrigation\build\libraries\WiFiNINA\utility\server_drv.cpp.o
                0x00007298                ServerDrv::getSocket()
 .text._Z23wifi_nina_feed_watchdogv
                0x000072ec        0x2 c:\source\repos\ed-irrigation\build\libraries\WiFiNINA\utility\spi_drv.cpp.o
                0x000072ec                wifi_nina_feed_watchdog()
 *fill*         0x000072ee        0x2 
 .text._ZN6SpiDrv17waitForSlaveReadyEb
                0x000072f0       0x38 c:\source\repos\ed-irrigation\build\libraries\WiFiNINA\utility\spi_drv.cpp.o
                0x000072f0                SpiDrv::waitForSlaveReady(bool)
 .text._ZN6SpiDrv9availableEv
                0x00007328        0xe c:\source\repos\ed-irrigation\build\libraries\WiFiNINA\utility\spi_drv.cpp.o
                0x00007328                SpiDrv::available()
 *fill*         0x00007336        0x2 
 .text._ZN6SpiDrv5beginEv
                0x00007338       0xb0 c:\source\repos\ed-irrigation\build\libraries\WiFiNINA\utility\spi_drv.cpp.o
                0x00007338                SpiDrv::begin()
 .text._ZN6SpiDrv14spiSlaveSelectEv
                0x000073e8       0x50 c:\source\repos\ed-irrigation\build\libraries\WiFiNINA\utility\spi_drv.cpp.o
                0x000073e8                SpiDrv::spiSlaveSelect()
 .text._ZN6SpiDrv16spiSlaveDeselectEv
                0x00007438       0x1c c:\source\repos\ed-irrigation\build\libraries\WiFiNINA\utility\spi_drv.cpp.o
                0x00007438                SpiDrv::spiSlaveDeselect()
 .text._ZN6SpiDrv11spiTransferEc
                0x00007454       0x18 c:\source\repos\ed-irrigation\build\libraries\WiFiNINA\utility\spi_drv.cpp.o
                0x00007454                SpiDrv::spiTransfer(char)
 .text._ZN6SpiDrv8getParamEPh
                0x0000746c        0xe c:\source\repos\ed-irrigation\build\libraries\WiFiNINA\utility\spi_drv.cpp.o
                0x0000746c                SpiDrv::getParam(unsigned char*)
 .text._ZN6SpiDrv16readAndCheckCharEcPc
                0x0000747a       0x16 c:\source\repos\ed-irrigation\build\libraries\WiFiNINA\utility\spi_drv.cpp.o
                0x0000747a                SpiDrv::readAndCheckChar(char, char*)
 .text._ZN6SpiDrv8readCharEv
                0x00007490       0x14 c:\source\repos\ed-irrigation\build\libraries\WiFiNINA\utility\spi_drv.cpp.o
                0x00007490                SpiDrv::readChar()
 .text._ZN6SpiDrv11waitSpiCharEh
                0x000074a4       0x2c c:\source\repos\ed-irrigation\build\libraries\WiFiNINA\utility\spi_drv.cpp.o
                0x000074a4                SpiDrv::waitSpiChar(unsigned char)
 .text._ZN6SpiDrv9sendParamEPhhh
                0x000074d0       0x2c c:\source\repos\ed-irrigation\build\libraries\WiFiNINA\utility\spi_drv.cpp.o
                0x000074d0                SpiDrv::sendParam(unsigned char*, unsigned char, unsigned char)
 .text._ZN6SpiDrv14sendParamLen16Et
                0x000074fc       0x12 c:\source\repos\ed-irrigation\build\libraries\WiFiNINA\utility\spi_drv.cpp.o
                0x000074fc                SpiDrv::sendParamLen16(unsigned short)
 .text._ZN6SpiDrv13readParamLen8EPh
                0x0000750e       0x12 c:\source\repos\ed-irrigation\build\libraries\WiFiNINA\utility\spi_drv.cpp.o
                0x0000750e                SpiDrv::readParamLen8(unsigned char*)
 .text._ZN6SpiDrv15waitResponseCmdEhhPhS0_
                0x00007520       0x68 c:\source\repos\ed-irrigation\build\libraries\WiFiNINA\utility\spi_drv.cpp.o
                0x00007520                SpiDrv::waitResponseCmd(unsigned char, unsigned char, unsigned char*, unsigned char*)
 .text._ZN6SpiDrv17waitResponseData8EhPhS0_
                0x00007588       0x5e c:\source\repos\ed-irrigation\build\libraries\WiFiNINA\utility\spi_drv.cpp.o
                0x00007588                SpiDrv::waitResponseData8(unsigned char, unsigned char*, unsigned char*)
 .text._ZN6SpiDrv18waitResponseParamsEhhP6tParam
                0x000075e6       0x94 c:\source\repos\ed-irrigation\build\libraries\WiFiNINA\utility\spi_drv.cpp.o
                0x000075e6                SpiDrv::waitResponseParams(unsigned char, unsigned char, tParam*)
 .text._ZN6SpiDrv14readParamLen16EPt
                0x0000767a       0x20 c:\source\repos\ed-irrigation\build\libraries\WiFiNINA\utility\spi_drv.cpp.o
                0x0000767a                SpiDrv::readParamLen16(unsigned short*)
 .text._ZN6SpiDrv18waitResponseData16EhPhPt
                0x0000769a       0x64 c:\source\repos\ed-irrigation\build\libraries\WiFiNINA\utility\spi_drv.cpp.o
                0x0000769a                SpiDrv::waitResponseData16(unsigned char, unsigned char*, unsigned short*)
 .text._ZN6SpiDrv10sendBufferEPhth
                0x000076fe       0x2a c:\source\repos\ed-irrigation\build\libraries\WiFiNINA\utility\spi_drv.cpp.o
                0x000076fe                SpiDrv::sendBuffer(unsigned char*, unsigned short, unsigned char)
 .text._ZN6SpiDrv9sendParamEth
                0x00007728       0x24 c:\source\repos\ed-irrigation\build\libraries\WiFiNINA\utility\spi_drv.cpp.o
                0x00007728                SpiDrv::sendParam(unsigned short, unsigned char)
 .text._ZN6SpiDrv7sendCmdEhh
                0x0000774c       0x26 c:\source\repos\ed-irrigation\build\libraries\WiFiNINA\utility\spi_drv.cpp.o
                0x0000774c                SpiDrv::sendCmd(unsigned char, unsigned char)
 *fill*         0x00007772        0x2 
 .text._ZN7WiFiDrv14getNetworkDataEPhS0_S0_
                0x00007774       0x9c c:\source\repos\ed-irrigation\build\libraries\WiFiNINA\utility\wifi_drv.cpp.o
                0x00007774                WiFiDrv::getNetworkData(unsigned char*, unsigned char*, unsigned char*)
 .text._ZN7WiFiDrv13getRemoteDataEhPhS0_
                0x00007810       0x88 c:\source\repos\ed-irrigation\build\libraries\WiFiNINA\utility\wifi_drv.cpp.o
                0x00007810                WiFiDrv::getRemoteData(unsigned char, unsigned char*, unsigned char*)
 .text._ZN7WiFiDrv17wifiSetPassphraseEPKchS1_h
                0x00007898       0x88 c:\source\repos\ed-irrigation\build\libraries\WiFiNINA\utility\wifi_drv.cpp.o
                0x00007898                WiFiDrv::wifiSetPassphrase(char const*, unsigned char, char const*, unsigned char)
 .text._ZN7WiFiDrv11setHostnameEPKc
                0x00007920       0x80 c:\source\repos\ed-irrigation\build\libraries\WiFiNINA\utility\wifi_drv.cpp.o
                0x00007920                WiFiDrv::setHostname(char const*)
 .text._ZN7WiFiDrv19getConnectionStatusEv
                0x000079a0       0x54 c:\source\repos\ed-irrigation\build\libraries\WiFiNINA\utility\wifi_drv.cpp.o
                0x000079a0                WiFiDrv::getConnectionStatus()
 .text._ZN7WiFiDrv12getIpAddressERN7arduino9IPAddressE
                0x000079f4       0x28 c:\source\repos\ed-irrigation\build\libraries\WiFiNINA\utility\wifi_drv.cpp.o
                0x000079f4                WiFiDrv::getIpAddress(arduino::IPAddress&)
 .text._ZN7WiFiDrv14getCurrentRSSIEv
                0x00007a1c       0x68 c:\source\repos\ed-irrigation\build\libraries\WiFiNINA\utility\wifi_drv.cpp.o
                0x00007a1c                WiFiDrv::getCurrentRSSI()
 .text._ZN7WiFiDrv13reqHostByNameEPKc
                0x00007a84       0x88 c:\source\repos\ed-irrigation\build\libraries\WiFiNINA\utility\wifi_drv.cpp.o
                0x00007a84                WiFiDrv::reqHostByName(char const*)
 .text._ZN7WiFiDrv13getHostByNameERN7arduino9IPAddressE
                0x00007b0c       0x78 c:\source\repos\ed-irrigation\build\libraries\WiFiNINA\utility\wifi_drv.cpp.o
                0x00007b0c                WiFiDrv::getHostByName(arduino::IPAddress&)
 .text._ZN7WiFiDrv13getHostByNameEPKcRN7arduino9IPAddressE
                0x00007b84       0x18 c:\source\repos\ed-irrigation\build\libraries\WiFiNINA\utility\wifi_drv.cpp.o
                0x00007b84                WiFiDrv::getHostByName(char const*, arduino::IPAddress&)
 .text._ZN7WiFiDrv12getFwVersionEv
                0x00007b9c       0x54 c:\source\repos\ed-irrigation\build\libraries\WiFiNINA\utility\wifi_drv.cpp.o
                0x00007b9c                WiFiDrv::getFwVersion()
 .text.PINCOUNT_fn
                0x00007bf0        0x4 c:\source\repos\ed-irrigation\build\core\variant.cpp.o
                0x00007bf0                PINCOUNT_fn
 .text.initVariant
                0x00007bf4       0xf8 c:\source\repos\ed-irrigation\build\core\variant.cpp.o
                0x00007bf4                initVariant
 .text.SERCOM5_Handler
                0x00007cec       0x10 c:\source\repos\ed-irrigation\build\core\variant.cpp.o
                0x00007cec                SERCOM5_Handler
 .text.SERCOM4_Handler
                0x00007cfc       0x10 c:\source\repos\ed-irrigation\build\core\variant.cpp.o
                0x00007cfc                SERCOM4_Handler
 .text.startup._GLOBAL__sub_I_g_APinDescription
                0x00007d0c       0xa0 c:\source\repos\ed-irrigation\build\core\variant.cpp.o
 .text.Dummy_Handler
                0x00007dac        0x2 c:\source\repos\ed-irrigation\build/..\..\..\..\Users\falve\AppData\Local\Temp\arduino-core-cache\core_arduino_samd_mkrwifi1010_87509c5f7a2933a60a52de5ce586772c.a(cortex_handlers.c.o)
                0x00007dac                DMAC_Handler
                0x00007dac                HardFault_Handler
                0x00007dac                AC_Handler
                0x00007dac                PendSV_Handler
                0x00007dac                NMI_Handler
                0x00007dac                TC7_Handler
                0x00007dac                SERCOM1_Handler
                0x00007dac                ADC_Handler
                0x00007dac                TCC1_Handler
                0x00007dac                SERCOM2_Handler
                0x00007dac                TCC0_Handler
                0x00007dac                RTC_Handler
                0x00007dac                EIC_Handler
                0x00007dac                TC6_Handler
                0x00007dac                WDT_Handler
                0x00007dac                TC4_Handler
                0x00007dac                TC3_Handler
                0x00007dac                Dummy_Handler
                0x00007dac                PM_Handler
                0x00007dac                SVC_Handler
                0x00007dac                TCC2_Handler
                0x00007dac                EVSYS_Handler
                0x00007dac                SERCOM3_Handler
                0x00007dac                I2S_Handler
                0x00007dac                NVMCTRL_Handler
                0x00007dac                SERCOM0_Handler
                0x00007dac                DAC_Handler
                0x00007dac                PTC_Handler
                0x00007dac                SYSCTRL_Handler
 *fill*         0x00007dae        0x2 
 .text.USB_Handler
                0x00007db0       0x14 c:\source\repos\ed-irrigation\build/..\..\..\..\Users\falve\AppData\Local\Temp\arduino-core-cache\core_arduino_samd_mkrwifi1010_87509c5f7a2933a60a52de5ce586772c.a(cortex_handlers.c.o)
                0x00007db0                USB_Handler
 .text.Reset_Handler
                0x00007dc4       0x54 c:\source\repos\ed-irrigation\build/..\..\..\..\Users\falve\AppData\Local\Temp\arduino-core-cache\core_arduino_samd_mkrwifi1010_87509c5f7a2933a60a52de5ce586772c.a(cortex_handlers.c.o)
                0x00007dc4                Reset_Handler
 .text.SysTick_Handler
                0x00007e18       0x10 c:\source\repos\ed-irrigation\build/..\..\..\..\Users\falve\AppData\Local\Temp\arduino-core-cache\core_arduino_samd_mkrwifi1010_87509c5f7a2933a60a52de5ce586772c.a(cortex_handlers.c.o)
                0x00007e18                SysTick_Handler
 .text.USB_SetHandler
                0x00007e28        0xc c:\source\repos\ed-irrigation\build/..\..\..\..\Users\falve\AppData\Local\Temp\arduino-core-cache\core_arduino_samd_mkrwifi1010_87509c5f7a2933a60a52de5ce586772c.a(cortex_handlers.c.o)
                0x00007e28                USB_SetHandler
 .text.millis   0x00007e34        0xc c:\source\repos\ed-irrigation\build/..\..\..\..\Users\falve\AppData\Local\Temp\arduino-core-cache\core_arduino_samd_mkrwifi1010_87509c5f7a2933a60a52de5ce586772c.a(delay.c.o)
                0x00007e34                millis
 .text.micros   0x00007e40       0x60 c:\source\repos\ed-irrigation\build/..\..\..\..\Users\falve\AppData\Local\Temp\arduino-core-cache\core_arduino_samd_mkrwifi1010_87509c5f7a2933a60a52de5ce586772c.a(delay.c.o)
                0x00007e40                micros
 .text.delay    0x00007ea0       0x30 c:\source\repos\ed-irrigation\build/..\..\..\..\Users\falve\AppData\Local\Temp\arduino-core-cache\core_arduino_samd_mkrwifi1010_87509c5f7a2933a60a52de5ce586772c.a(delay.c.o)
                0x00007ea0                delay
 .text.resetExternalChip
                0x00007ed0        0x2 c:\source\repos\ed-irrigation\build/..\..\..\..\Users\falve\AppData\Local\Temp\arduino-core-cache\core_arduino_samd_mkrwifi1010_87509c5f7a2933a60a52de5ce586772c.a(delay.c.o)
                0x00007ed0                resetExternalChip
 *fill*         0x00007ed2        0x2 
 .text.SysTick_DefaultHandler
                0x00007ed4       0x14 c:\source\repos\ed-irrigation\build/..\..\..\..\Users\falve\AppData\Local\Temp\arduino-core-cache\core_arduino_samd_mkrwifi1010_87509c5f7a2933a60a52de5ce586772c.a(delay.c.o)
                0x00007ed4                SysTick_DefaultHandler
 .text.__empty  0x00007ee8        0x2 c:\source\repos\ed-irrigation\build/..\..\..\..\Users\falve\AppData\Local\Temp\arduino-core-cache\core_arduino_samd_mkrwifi1010_87509c5f7a2933a60a52de5ce586772c.a(hooks.c.o)
                0x00007ee8                yield
 .text.__false  0x00007eea        0x4 c:\source\repos\ed-irrigation\build/..\..\..\..\Users\falve\AppData\Local\Temp\arduino-core-cache\core_arduino_samd_mkrwifi1010_87509c5f7a2933a60a52de5ce586772c.a(hooks.c.o)
                0x00007eea                sysTickHook
 *fill*         0x00007eee        0x2 
 .text.SystemInit
                0x00007ef0      0x160 c:\source\repos\ed-irrigation\build/..\..\..\..\Users\falve\AppData\Local\Temp\arduino-core-cache\core_arduino_samd_mkrwifi1010_87509c5f7a2933a60a52de5ce586772c.a(startup.c.o)
                0x00007ef0                SystemInit
 .text.init     0x00008050       0xf0 c:\source\repos\ed-irrigation\build/..\..\..\..\Users\falve\AppData\Local\Temp\arduino-core-cache\core_arduino_samd_mkrwifi1010_87509c5f7a2933a60a52de5ce586772c.a(wiring.c.o)
                0x00008050                init
 .text.mapResolution
                0x00008140       0x12 c:\source\repos\ed-irrigation\build/..\..\..\..\Users\falve\AppData\Local\Temp\arduino-core-cache\core_arduino_samd_mkrwifi1010_87509c5f7a2933a60a52de5ce586772c.a(wiring_analog.c.o)
 *fill*         0x00008152        0x2 
 .text.analogReference
                0x00008154       0x64 c:\source\repos\ed-irrigation\build/..\..\..\..\Users\falve\AppData\Local\Temp\arduino-core-cache\core_arduino_samd_mkrwifi1010_87509c5f7a2933a60a52de5ce586772c.a(wiring_analog.c.o)
                0x00008154                analogReference
 .text.analogRead
                0x000081b8       0xdc c:\source\repos\ed-irrigation\build/..\..\..\..\Users\falve\AppData\Local\Temp\arduino-core-cache\core_arduino_samd_mkrwifi1010_87509c5f7a2933a60a52de5ce586772c.a(wiring_analog.c.o)
                0x000081b8                analogRead
 .text.analogWrite
                0x00008294      0x1d4 c:\source\repos\ed-irrigation\build/..\..\..\..\Users\falve\AppData\Local\Temp\arduino-core-cache\core_arduino_samd_mkrwifi1010_87509c5f7a2933a60a52de5ce586772c.a(wiring_analog.c.o)
                0x00008294                analogWrite
 .text.pinMode  0x00008468       0x98 c:\source\repos\ed-irrigation\build/..\..\..\..\Users\falve\AppData\Local\Temp\arduino-core-cache\core_arduino_samd_mkrwifi1010_87509c5f7a2933a60a52de5ce586772c.a(wiring_digital.c.o)
                0x00008468                pinMode
 .text.digitalWrite
                0x00008500       0x58 c:\source\repos\ed-irrigation\build/..\..\..\..\Users\falve\AppData\Local\Temp\arduino-core-cache\core_arduino_samd_mkrwifi1010_87509c5f7a2933a60a52de5ce586772c.a(wiring_digital.c.o)
                0x00008500                digitalWrite
 .text.digitalRead
                0x00008558       0x30 c:\source\repos\ed-irrigation\build/..\..\..\..\Users\falve\AppData\Local\Temp\arduino-core-cache\core_arduino_samd_mkrwifi1010_87509c5f7a2933a60a52de5ce586772c.a(wiring_digital.c.o)
                0x00008558                digitalRead
 .text.pinPeripheral
                0x00008588       0xc0 c:\source\repos\ed-irrigation\build/..\..\..\..\Users\falve\AppData\Local\Temp\arduino-core-cache\core_arduino_samd_mkrwifi1010_87509c5f7a2933a60a52de5ce586772c.a(wiring_private.c.o)
                0x00008588                pinPeripheral
 .text.initiateReset
                0x00008648       0x14 c:\source\repos\ed-irrigation\build/..\..\..\..\Users\falve\AppData\Local\Temp\arduino-core-cache\core_arduino_samd_mkrwifi1010_87509c5f7a2933a60a52de5ce586772c.a(Reset.cpp.o)
                0x00008648                initiateReset
 .text.cancelReset
                0x0000865c       0x10 c:\source\repos\ed-irrigation\build/..\..\..\..\Users\falve\AppData\Local\Temp\arduino-core-cache\core_arduino_samd_mkrwifi1010_87509c5f7a2933a60a52de5ce586772c.a(Reset.cpp.o)
                0x0000865c                cancelReset
 .text.tickReset
                0x0000866c       0x78 c:\source\repos\ed-irrigation\build/..\..\..\..\Users\falve\AppData\Local\Temp\arduino-core-cache\core_arduino_samd_mkrwifi1010_87509c5f7a2933a60a52de5ce586772c.a(Reset.cpp.o)
                0x0000866c                tickReset
 .text._ZN6SERCOMC2EP6Sercom
                0x000086e4        0x4 c:\source\repos\ed-irrigation\build/..\..\..\..\Users\falve\AppData\Local\Temp\arduino-core-cache\core_arduino_samd_mkrwifi1010_87509c5f7a2933a60a52de5ce586772c.a(SERCOM.cpp.o)
                0x000086e4                SERCOM::SERCOM(Sercom*)
                0x000086e4                SERCOM::SERCOM(Sercom*)
 .text._ZN6SERCOM9initFrameE18SercomUartCharSize15SercomDataOrder16SercomParityMode19SercomNumberStopBit
                0x000086e8       0x3a c:\source\repos\ed-irrigation\build/..\..\..\..\Users\falve\AppData\Local\Temp\arduino-core-cache\core_arduino_samd_mkrwifi1010_87509c5f7a2933a60a52de5ce586772c.a(SERCOM.cpp.o)
                0x000086e8                SERCOM::initFrame(SercomUartCharSize, SercomDataOrder, SercomParityMode, SercomNumberStopBit)
 .text._ZN6SERCOM8initPadsE15SercomUartTXPad11SercomRXPad
                0x00008722       0x26 c:\source\repos\ed-irrigation\build/..\..\..\..\Users\falve\AppData\Local\Temp\arduino-core-cache\core_arduino_samd_mkrwifi1010_87509c5f7a2933a60a52de5ce586772c.a(SERCOM.cpp.o)
                0x00008722                SERCOM::initPads(SercomUartTXPad, SercomRXPad)
 .text._ZN6SERCOM9resetUARTEv
                0x00008748       0x1a c:\source\repos\ed-irrigation\build/..\..\..\..\Users\falve\AppData\Local\Temp\arduino-core-cache\core_arduino_samd_mkrwifi1010_87509c5f7a2933a60a52de5ce586772c.a(SERCOM.cpp.o)
                0x00008748                SERCOM::resetUART()
 .text._ZN6SERCOM10enableUARTEv
                0x00008762       0x14 c:\source\repos\ed-irrigation\build/..\..\..\..\Users\falve\AppData\Local\Temp\arduino-core-cache\core_arduino_samd_mkrwifi1010_87509c5f7a2933a60a52de5ce586772c.a(SERCOM.cpp.o)
                0x00008762                SERCOM::enableUART()
 .text._ZN6SERCOM9flushUARTEv
                0x00008776        0xa c:\source\repos\ed-irrigation\build/..\..\..\..\Users\falve\AppData\Local\Temp\arduino-core-cache\core_arduino_samd_mkrwifi1010_87509c5f7a2933a60a52de5ce586772c.a(SERCOM.cpp.o)
                0x00008776                SERCOM::flushUART()
 .text._ZN6SERCOM15clearStatusUARTEv
                0x00008780        0x8 c:\source\repos\ed-irrigation\build/..\..\..\..\Users\falve\AppData\Local\Temp\arduino-core-cache\core_arduino_samd_mkrwifi1010_87509c5f7a2933a60a52de5ce586772c.a(SERCOM.cpp.o)
                0x00008780                SERCOM::clearStatusUART()
 .text._ZN6SERCOM17availableDataUARTEv
                0x00008788        0xa c:\source\repos\ed-irrigation\build/..\..\..\..\Users\falve\AppData\Local\Temp\arduino-core-cache\core_arduino_samd_mkrwifi1010_87509c5f7a2933a60a52de5ce586772c.a(SERCOM.cpp.o)
                0x00008788                SERCOM::availableDataUART()
 .text._ZN6SERCOM11isUARTErrorEv
                0x00008792        0x8 c:\source\repos\ed-irrigation\build/..\..\..\..\Users\falve\AppData\Local\Temp\arduino-core-cache\core_arduino_samd_mkrwifi1010_87509c5f7a2933a60a52de5ce586772c.a(SERCOM.cpp.o)
                0x00008792                SERCOM::isUARTError()
 .text._ZN6SERCOM20acknowledgeUARTErrorEv
                0x0000879a        0xe c:\source\repos\ed-irrigation\build/..\..\..\..\Users\falve\AppData\Local\Temp\arduino-core-cache\core_arduino_samd_mkrwifi1010_87509c5f7a2933a60a52de5ce586772c.a(SERCOM.cpp.o)
                0x0000879a                SERCOM::acknowledgeUARTError()
 .text._ZN6SERCOM16isFrameErrorUARTEv
                0x000087a8        0xa c:\source\repos\ed-irrigation\build/..\..\..\..\Users\falve\AppData\Local\Temp\arduino-core-cache\core_arduino_samd_mkrwifi1010_87509c5f7a2933a60a52de5ce586772c.a(SERCOM.cpp.o)
                0x000087a8                SERCOM::isFrameErrorUART()
 .text._ZN6SERCOM19clearFrameErrorUARTEv
                0x000087b2        0xc c:\source\repos\ed-irrigation\build/..\..\..\..\Users\falve\AppData\Local\Temp\arduino-core-cache\core_arduino_samd_mkrwifi1010_87509c5f7a2933a60a52de5ce586772c.a(SERCOM.cpp.o)
                0x000087b2                SERCOM::clearFrameErrorUART()
 .text._ZN6SERCOM23isDataRegisterEmptyUARTEv
                0x000087be        0xa c:\source\repos\ed-irrigation\build/..\..\..\..\Users\falve\AppData\Local\Temp\arduino-core-cache\core_arduino_samd_mkrwifi1010_87509c5f7a2933a60a52de5ce586772c.a(SERCOM.cpp.o)
                0x000087be                SERCOM::isDataRegisterEmptyUART()
 .text._ZN6SERCOM12readDataUARTEv
                0x000087c8        0x8 c:\source\repos\ed-irrigation\build/..\..\..\..\Users\falve\AppData\Local\Temp\arduino-core-cache\core_arduino_samd_mkrwifi1010_87509c5f7a2933a60a52de5ce586772c.a(SERCOM.cpp.o)
                0x000087c8                SERCOM::readDataUART()
 .text._ZN6SERCOM13writeDataUARTEh
                0x000087d0       0x10 c:\source\repos\ed-irrigation\build/..\..\..\..\Users\falve\AppData\Local\Temp\arduino-core-cache\core_arduino_samd_mkrwifi1010_87509c5f7a2933a60a52de5ce586772c.a(SERCOM.cpp.o)
                0x000087d0                SERCOM::writeDataUART(unsigned char)
 .text._ZN6SERCOM36enableDataRegisterEmptyInterruptUARTEv
                0x000087e0        0x8 c:\source\repos\ed-irrigation\build/..\..\..\..\Users\falve\AppData\Local\Temp\arduino-core-cache\core_arduino_samd_mkrwifi1010_87509c5f7a2933a60a52de5ce586772c.a(SERCOM.cpp.o)
                0x000087e0                SERCOM::enableDataRegisterEmptyInterruptUART()
 .text._ZN6SERCOM37disableDataRegisterEmptyInterruptUARTEv
                0x000087e8        0x8 c:\source\repos\ed-irrigation\build/..\..\..\..\Users\falve\AppData\Local\Temp\arduino-core-cache\core_arduino_samd_mkrwifi1010_87509c5f7a2933a60a52de5ce586772c.a(SERCOM.cpp.o)
                0x000087e8                SERCOM::disableDataRegisterEmptyInterruptUART()
 .text._ZN6SERCOM12initSPIClockE18SercomSpiClockModem
                0x000087f0       0x30 c:\source\repos\ed-irrigation\build/..\..\..\..\Users\falve\AppData\Local\Temp\arduino-core-cache\core_arduino_samd_mkrwifi1010_87509c5f7a2933a60a52de5ce586772c.a(SERCOM.cpp.o)
                0x000087f0                SERCOM::initSPIClock(SercomSpiClockMode, unsigned long)
 .text._ZN6SERCOM8resetSPIEv
                0x00008820       0x1a c:\source\repos\ed-irrigation\build/..\..\..\..\Users\falve\AppData\Local\Temp\arduino-core-cache\core_arduino_samd_mkrwifi1010_87509c5f7a2933a60a52de5ce586772c.a(SERCOM.cpp.o)
                0x00008820                SERCOM::resetSPI()
 .text._ZN6SERCOM9enableSPIEv
                0x0000883a       0x14 c:\source\repos\ed-irrigation\build/..\..\..\..\Users\falve\AppData\Local\Temp\arduino-core-cache\core_arduino_samd_mkrwifi1010_87509c5f7a2933a60a52de5ce586772c.a(SERCOM.cpp.o)
                0x0000883a                SERCOM::enableSPI()
 .text._ZN6SERCOM10disableSPIEv
                0x0000884e       0x12 c:\source\repos\ed-irrigation\build/..\..\..\..\Users\falve\AppData\Local\Temp\arduino-core-cache\core_arduino_samd_mkrwifi1010_87509c5f7a2933a60a52de5ce586772c.a(SERCOM.cpp.o)
                0x0000884e                SERCOM::disableSPI()
 .text._ZN6SERCOM15getDataOrderSPIEv
                0x00008860        0xa c:\source\repos\ed-irrigation\build/..\..\..\..\Users\falve\AppData\Local\Temp\arduino-core-cache\core_arduino_samd_mkrwifi1010_87509c5f7a2933a60a52de5ce586772c.a(SERCOM.cpp.o)
                0x00008860                SERCOM::getDataOrderSPI()
 .text._ZN6SERCOM15transferDataSPIEh
                0x0000886a       0x1a c:\source\repos\ed-irrigation\build/..\..\..\..\Users\falve\AppData\Local\Temp\arduino-core-cache\core_arduino_samd_mkrwifi1010_87509c5f7a2933a60a52de5ce586772c.a(SERCOM.cpp.o)
                0x0000886a                SERCOM::transferDataSPI(unsigned char)
 .text._ZN6SERCOM9resetWIREEv
                0x00008884       0x1a c:\source\repos\ed-irrigation\build/..\..\..\..\Users\falve\AppData\Local\Temp\arduino-core-cache\core_arduino_samd_mkrwifi1010_87509c5f7a2933a60a52de5ce586772c.a(SERCOM.cpp.o)
                0x00008884                SERCOM::resetWIRE()
 .text._ZN6SERCOM10enableWIREEv
                0x0000889e       0x2a c:\source\repos\ed-irrigation\build/..\..\..\..\Users\falve\AppData\Local\Temp\arduino-core-cache\core_arduino_samd_mkrwifi1010_87509c5f7a2933a60a52de5ce586772c.a(SERCOM.cpp.o)
                0x0000889e                SERCOM::enableWIRE()
 .text._ZN6SERCOM11disableWIREEv
                0x000088c8       0x14 c:\source\repos\ed-irrigation\build/..\..\..\..\Users\falve\AppData\Local\Temp\arduino-core-cache\core_arduino_samd_mkrwifi1010_87509c5f7a2933a60a52de5ce586772c.a(SERCOM.cpp.o)
                0x000088c8                SERCOM::disableWIRE()
 .text._ZN6SERCOM22prepareCommandBitsWireEh
                0x000088dc       0x2c c:\source\repos\ed-irrigation\build/..\..\..\..\Users\falve\AppData\Local\Temp\arduino-core-cache\core_arduino_samd_mkrwifi1010_87509c5f7a2933a60a52de5ce586772c.a(SERCOM.cpp.o)
                0x000088dc                SERCOM::prepareCommandBitsWire(unsigned char)
 .text._ZN6SERCOM21startTransmissionWIREEh23SercomWireReadWriteFlag
                0x00008908       0x84 c:\source\repos\ed-irrigation\build/..\..\..\..\Users\falve\AppData\Local\Temp\arduino-core-cache\core_arduino_samd_mkrwifi1010_87509c5f7a2933a60a52de5ce586772c.a(SERCOM.cpp.o)
                0x00008908                SERCOM::startTransmissionWIRE(unsigned char, SercomWireReadWriteFlag)
 .text._ZN6SERCOM18sendDataMasterWIREEh
                0x0000898c       0x24 c:\source\repos\ed-irrigation\build/..\..\..\..\Users\falve\AppData\Local\Temp\arduino-core-cache\core_arduino_samd_mkrwifi1010_87509c5f7a2933a60a52de5ce586772c.a(SERCOM.cpp.o)
                0x0000898c                SERCOM::sendDataMasterWIRE(unsigned char)
 .text._ZN6SERCOM13initClockNVICEv
                0x000089b0       0xa8 c:\source\repos\ed-irrigation\build/..\..\..\..\Users\falve\AppData\Local\Temp\arduino-core-cache\core_arduino_samd_mkrwifi1010_87509c5f7a2933a60a52de5ce586772c.a(SERCOM.cpp.o)
                0x000089b0                SERCOM::initClockNVIC()
 .text._ZN6SERCOM8initUARTE14SercomUartMode20SercomUartSampleRatem
                0x00008a58       0x6c c:\source\repos\ed-irrigation\build/..\..\..\..\Users\falve\AppData\Local\Temp\arduino-core-cache\core_arduino_samd_mkrwifi1010_87509c5f7a2933a60a52de5ce586772c.a(SERCOM.cpp.o)
                0x00008a58                SERCOM::initUART(SercomUartMode, SercomUartSampleRate, unsigned long)
 .text._ZN6SERCOM7initSPIE14SercomSpiTXPad11SercomRXPad17SercomSpiCharSize15SercomDataOrder
                0x00008ac4       0x4a c:\source\repos\ed-irrigation\build/..\..\..\..\Users\falve\AppData\Local\Temp\arduino-core-cache\core_arduino_samd_mkrwifi1010_87509c5f7a2933a60a52de5ce586772c.a(SERCOM.cpp.o)
                0x00008ac4                SERCOM::initSPI(SercomSpiTXPad, SercomRXPad, SercomSpiCharSize, SercomDataOrder)
 *fill*         0x00008b0e        0x2 
 .text._ZN6SERCOM14initMasterWIREEm
                0x00008b10       0x54 c:\source\repos\ed-irrigation\build/..\..\..\..\Users\falve\AppData\Local\Temp\arduino-core-cache\core_arduino_samd_mkrwifi1010_87509c5f7a2933a60a52de5ce586772c.a(SERCOM.cpp.o)
                0x00008b10                SERCOM::initMasterWIRE(unsigned long)
 .text._ZN7Serial_13getDescriptorERN7arduino8USBSetupE
                0x00008b64        0x4 c:\source\repos\ed-irrigation\build/..\..\..\..\Users\falve\AppData\Local\Temp\arduino-core-cache\core_arduino_samd_mkrwifi1010_87509c5f7a2933a60a52de5ce586772c.a(CDC.cpp.o)
                0x00008b64                Serial_::getDescriptor(arduino::USBSetup&)
 .text._ZL5utox8mPc
                0x00008b68       0x24 c:\source\repos\ed-irrigation\build/..\..\..\..\Users\falve\AppData\Local\Temp\arduino-core-cache\core_arduino_samd_mkrwifi1010_87509c5f7a2933a60a52de5ce586772c.a(CDC.cpp.o)
 .text._ZN7Serial_12getShortNameEPc
                0x00008b8c       0x44 c:\source\repos\ed-irrigation\build/..\..\..\..\Users\falve\AppData\Local\Temp\arduino-core-cache\core_arduino_samd_mkrwifi1010_87509c5f7a2933a60a52de5ce586772c.a(CDC.cpp.o)
                0x00008b8c                Serial_::getShortName(char*)
 .text._ZThn16_N7Serial_12getShortNameEPc
                0x00008bd0       0x10 c:\source\repos\ed-irrigation\build/..\..\..\..\Users\falve\AppData\Local\Temp\arduino-core-cache\core_arduino_samd_mkrwifi1010_87509c5f7a2933a60a52de5ce586772c.a(CDC.cpp.o)
                0x00008bd0                non-virtual thunk to Serial_::getShortName(char*)
 .text._ZN7Serial_17availableForWriteEv
                0x00008be0        0x4 c:\source\repos\ed-irrigation\build/..\..\..\..\Users\falve\AppData\Local\Temp\arduino-core-cache\core_arduino_samd_mkrwifi1010_87509c5f7a2933a60a52de5ce586772c.a(CDC.cpp.o)
                0x00008be0                Serial_::availableForWrite()
 .text._ZN7Serial_5writeEh
                0x00008be4       0x14 c:\source\repos\ed-irrigation\build/..\..\..\..\Users\falve\AppData\Local\Temp\arduino-core-cache\core_arduino_samd_mkrwifi1010_87509c5f7a2933a60a52de5ce586772c.a(CDC.cpp.o)
                0x00008be4                Serial_::write(unsigned char)
 .text._ZN7Serial_12getInterfaceEPh
                0x00008bf8      0x11c c:\source\repos\ed-irrigation\build/..\..\..\..\Users\falve\AppData\Local\Temp\arduino-core-cache\core_arduino_samd_mkrwifi1010_87509c5f7a2933a60a52de5ce586772c.a(CDC.cpp.o)
                0x00008bf8                Serial_::getInterface(unsigned char*)
 .text._ZThn16_N7Serial_12getInterfaceEPh
                0x00008d14       0x10 c:\source\repos\ed-irrigation\build/..\..\..\..\Users\falve\AppData\Local\Temp\arduino-core-cache\core_arduino_samd_mkrwifi1010_87509c5f7a2933a60a52de5ce586772c.a(CDC.cpp.o)
                0x00008d14                non-virtual thunk to Serial_::getInterface(unsigned char*)
 .text._ZN7Serial_5setupERN7arduino8USBSetupE
                0x00008d24       0x98 c:\source\repos\ed-irrigation\build/..\..\..\..\Users\falve\AppData\Local\Temp\arduino-core-cache\core_arduino_samd_mkrwifi1010_87509c5f7a2933a60a52de5ce586772c.a(CDC.cpp.o)
                0x00008d24                Serial_::setup(arduino::USBSetup&)
 .text._ZThn16_N7Serial_5setupERN7arduino8USBSetupE
                0x00008dbc       0x10 c:\source\repos\ed-irrigation\build/..\..\..\..\Users\falve\AppData\Local\Temp\arduino-core-cache\core_arduino_samd_mkrwifi1010_87509c5f7a2933a60a52de5ce586772c.a(CDC.cpp.o)
                0x00008dbc                non-virtual thunk to Serial_::setup(arduino::USBSetup&)
 .text._ZN7Serial_9availableEv
                0x00008dcc       0x20 c:\source\repos\ed-irrigation\build/..\..\..\..\Users\falve\AppData\Local\Temp\arduino-core-cache\core_arduino_samd_mkrwifi1010_87509c5f7a2933a60a52de5ce586772c.a(CDC.cpp.o)
                0x00008dcc                Serial_::available()
 .text._ZN7Serial_5flushEv
                0x00008dec        0xe c:\source\repos\ed-irrigation\build/..\..\..\..\Users\falve\AppData\Local\Temp\arduino-core-cache\core_arduino_samd_mkrwifi1010_87509c5f7a2933a60a52de5ce586772c.a(CDC.cpp.o)
                0x00008dec                Serial_::flush()
 .text._ZN7Serial_5clearEv
                0x00008dfa        0xe c:\source\repos\ed-irrigation\build/..\..\..\..\Users\falve\AppData\Local\Temp\arduino-core-cache\core_arduino_samd_mkrwifi1010_87509c5f7a2933a60a52de5ce586772c.a(CDC.cpp.o)
                0x00008dfa                Serial_::clear()
 .text._ZN7Serial_5writeEPKhj
                0x00008e08       0x1e c:\source\repos\ed-irrigation\build/..\..\..\..\Users\falve\AppData\Local\Temp\arduino-core-cache\core_arduino_samd_mkrwifi1010_87509c5f7a2933a60a52de5ce586772c.a(CDC.cpp.o)
                0x00008e08                Serial_::write(unsigned char const*, unsigned int)
 *fill*         0x00008e26        0x2 
 .text._ZN7Serial_4peekEv
                0x00008e28       0x1c c:\source\repos\ed-irrigation\build/..\..\..\..\Users\falve\AppData\Local\Temp\arduino-core-cache\core_arduino_samd_mkrwifi1010_87509c5f7a2933a60a52de5ce586772c.a(CDC.cpp.o)
                0x00008e28                Serial_::peek()
 .text._ZN7Serial_4readEv
                0x00008e44       0x24 c:\source\repos\ed-irrigation\build/..\..\..\..\Users\falve\AppData\Local\Temp\arduino-core-cache\core_arduino_samd_mkrwifi1010_87509c5f7a2933a60a52de5ce586772c.a(CDC.cpp.o)
                0x00008e44                Serial_::read()
 .text._ZThn16_N7Serial_13getDescriptorERN7arduino8USBSetupE
                0x00008e68        0x4 c:\source\repos\ed-irrigation\build/..\..\..\..\Users\falve\AppData\Local\Temp\arduino-core-cache\core_arduino_samd_mkrwifi1010_87509c5f7a2933a60a52de5ce586772c.a(CDC.cpp.o)
                0x00008e68                non-virtual thunk to Serial_::getDescriptor(arduino::USBSetup&)
 .text._ZN7Serial_14handleEndpointEi
                0x00008e6c        0x2 c:\source\repos\ed-irrigation\build/..\..\..\..\Users\falve\AppData\Local\Temp\arduino-core-cache\core_arduino_samd_mkrwifi1010_87509c5f7a2933a60a52de5ce586772c.a(CDC.cpp.o)
                0x00008e6c                Serial_::handleEndpoint(int)
 *fill*         0x00008e6e        0x2 
 .text._ZN7Serial_C2ER14USBDeviceClass
                0x00008e70       0x50 c:\source\repos\ed-irrigation\build/..\..\..\..\Users\falve\AppData\Local\Temp\arduino-core-cache\core_arduino_samd_mkrwifi1010_87509c5f7a2933a60a52de5ce586772c.a(CDC.cpp.o)
                0x00008e70                Serial_::Serial_(USBDeviceClass&)
                0x00008e70                Serial_::Serial_(USBDeviceClass&)
 .text._ZN7Serial_15enableInterruptEv
                0x00008ec0       0x30 c:\source\repos\ed-irrigation\build/..\..\..\..\Users\falve\AppData\Local\Temp\arduino-core-cache\core_arduino_samd_mkrwifi1010_87509c5f7a2933a60a52de5ce586772c.a(CDC.cpp.o)
                0x00008ec0                Serial_::enableInterrupt()
 .text._ZN7Serial_5beginEm
                0x00008ef0        0x2 c:\source\repos\ed-irrigation\build/..\..\..\..\Users\falve\AppData\Local\Temp\arduino-core-cache\core_arduino_samd_mkrwifi1010_87509c5f7a2933a60a52de5ce586772c.a(CDC.cpp.o)
                0x00008ef0                Serial_::begin(unsigned long)
 *fill*         0x00008ef2        0x2 
 .text._ZN7Serial_cvbEv
                0x00008ef4       0x28 c:\source\repos\ed-irrigation\build/..\..\..\..\Users\falve\AppData\Local\Temp\arduino-core-cache\core_arduino_samd_mkrwifi1010_87509c5f7a2933a60a52de5ce586772c.a(CDC.cpp.o)
                0x00008ef4                Serial_::operator bool()
 .text.startup._GLOBAL__sub_I__ZN7Serial_12getInterfaceEPh
                0x00008f1c       0x14 c:\source\repos\ed-irrigation\build/..\..\..\..\Users\falve\AppData\Local\Temp\arduino-core-cache\core_arduino_samd_mkrwifi1010_87509c5f7a2933a60a52de5ce586772c.a(CDC.cpp.o)
 .text._ZN26DoubleBufferedEPOutHandlerD2Ev
                0x00008f30        0x2 c:\source\repos\ed-irrigation\build/..\..\..\..\Users\falve\AppData\Local\Temp\arduino-core-cache\core_arduino_samd_mkrwifi1010_87509c5f7a2933a60a52de5ce586772c.a(USBCore.cpp.o)
                0x00008f30                DoubleBufferedEPOutHandler::~DoubleBufferedEPOutHandler()
                0x00008f30                DoubleBufferedEPOutHandler::~DoubleBufferedEPOutHandler()
 .text._ZN26DoubleBufferedEPOutHandlerD0Ev
                0x00008f32        0xc c:\source\repos\ed-irrigation\build/..\..\..\..\Users\falve\AppData\Local\Temp\arduino-core-cache\core_arduino_samd_mkrwifi1010_87509c5f7a2933a60a52de5ce586772c.a(USBCore.cpp.o)
                0x00008f32                DoubleBufferedEPOutHandler::~DoubleBufferedEPOutHandler()
 *fill*         0x00008f3e        0x2 
 .text._ZN14USBDeviceClass6initEPEmm.part.7
                0x00008f40       0xc4 c:\source\repos\ed-irrigation\build/..\..\..\..\Users\falve\AppData\Local\Temp\arduino-core-cache\core_arduino_samd_mkrwifi1010_87509c5f7a2933a60a52de5ce586772c.a(USBCore.cpp.o)
 .text._ZN7__GuardC2Ev
                0x00009004        0xe c:\source\repos\ed-irrigation\build/..\..\..\..\Users\falve\AppData\Local\Temp\arduino-core-cache\core_arduino_samd_mkrwifi1010_87509c5f7a2933a60a52de5ce586772c.a(USBCore.cpp.o)
                0x00009004                __Guard::__Guard()
                0x00009004                __Guard::__Guard()
 .text._ZN7__GuardD2Ev
                0x00009012        0xe c:\source\repos\ed-irrigation\build/..\..\..\..\Users\falve\AppData\Local\Temp\arduino-core-cache\core_arduino_samd_mkrwifi1010_87509c5f7a2933a60a52de5ce586772c.a(USBCore.cpp.o)
                0x00009012                __Guard::~__Guard()
                0x00009012                __Guard::~__Guard()
 .text._ZNK26DoubleBufferedEPOutHandler10_availableEv
                0x00009020       0x70 c:\source\repos\ed-irrigation\build/..\..\..\..\Users\falve\AppData\Local\Temp\arduino-core-cache\core_arduino_samd_mkrwifi1010_87509c5f7a2933a60a52de5ce586772c.a(USBCore.cpp.o)
                0x00009020                DoubleBufferedEPOutHandler::_available() const
 .text._ZN26DoubleBufferedEPOutHandler7releaseEv
                0x00009090       0x38 c:\source\repos\ed-irrigation\build/..\..\..\..\Users\falve\AppData\Local\Temp\arduino-core-cache\core_arduino_samd_mkrwifi1010_87509c5f7a2933a60a52de5ce586772c.a(USBCore.cpp.o)
                0x00009090                DoubleBufferedEPOutHandler::release()
 .text._ZN26DoubleBufferedEPOutHandler14handleEndpointEv
                0x000090c8       0xe2 c:\source\repos\ed-irrigation\build/..\..\..\..\Users\falve\AppData\Local\Temp\arduino-core-cache\core_arduino_samd_mkrwifi1010_87509c5f7a2933a60a52de5ce586772c.a(USBCore.cpp.o)
                0x000090c8                DoubleBufferedEPOutHandler::handleEndpoint()
 .text._ZN14USBDeviceClass14SendInterfacesEPm
                0x000091aa       0x20 c:\source\repos\ed-irrigation\build/..\..\..\..\Users\falve\AppData\Local\Temp\arduino-core-cache\core_arduino_samd_mkrwifi1010_87509c5f7a2933a60a52de5ce586772c.a(USBCore.cpp.o)
                0x000091aa                USBDeviceClass::SendInterfaces(unsigned long*)
 *fill*         0x000091ca        0x2 
 .text._ZN14USBDeviceClass4initEv
                0x000091cc      0x15c c:\source\repos\ed-irrigation\build/..\..\..\..\Users\falve\AppData\Local\Temp\arduino-core-cache\core_arduino_samd_mkrwifi1010_87509c5f7a2933a60a52de5ce586772c.a(USBCore.cpp.o)
                0x000091cc                USBDeviceClass::init()
 .text._ZN14USBDeviceClass6attachEv
                0x00009328       0x34 c:\source\repos\ed-irrigation\build/..\..\..\..\Users\falve\AppData\Local\Temp\arduino-core-cache\core_arduino_samd_mkrwifi1010_87509c5f7a2933a60a52de5ce586772c.a(USBCore.cpp.o)
                0x00009328                USBDeviceClass::attach()
 .text._ZN14USBDeviceClass10setAddressEm
                0x0000935c       0x48 c:\source\repos\ed-irrigation\build/..\..\..\..\Users\falve\AppData\Local\Temp\arduino-core-cache\core_arduino_samd_mkrwifi1010_87509c5f7a2933a60a52de5ce586772c.a(USBCore.cpp.o)
                0x0000935c                USBDeviceClass::setAddress(unsigned long)
 .text._ZN14USBDeviceClass25handleClassInterfaceSetupERN7arduino8USBSetupE
                0x000093a4       0x24 c:\source\repos\ed-irrigation\build/..\..\..\..\Users\falve\AppData\Local\Temp\arduino-core-cache\core_arduino_samd_mkrwifi1010_87509c5f7a2933a60a52de5ce586772c.a(USBCore.cpp.o)
                0x000093a4                USBDeviceClass::handleClassInterfaceSetup(arduino::USBSetup&)
 .text._ZN14USBDeviceClass6initEPEmm
                0x000093c8      0x10c c:\source\repos\ed-irrigation\build/..\..\..\..\Users\falve\AppData\Local\Temp\arduino-core-cache\core_arduino_samd_mkrwifi1010_87509c5f7a2933a60a52de5ce586772c.a(USBCore.cpp.o)
                0x000093c8                USBDeviceClass::initEP(unsigned long, unsigned long)
 .text._ZN14USBDeviceClass13initEndpointsEv
                0x000094d4       0x24 c:\source\repos\ed-irrigation\build/..\..\..\..\Users\falve\AppData\Local\Temp\arduino-core-cache\core_arduino_samd_mkrwifi1010_87509c5f7a2933a60a52de5ce586772c.a(USBCore.cpp.o)
                0x000094d4                USBDeviceClass::initEndpoints()
 .text._ZN14USBDeviceClass5clearEm
                0x000094f8       0x38 c:\source\repos\ed-irrigation\build/..\..\..\..\Users\falve\AppData\Local\Temp\arduino-core-cache\core_arduino_samd_mkrwifi1010_87509c5f7a2933a60a52de5ce586772c.a(USBCore.cpp.o)
                0x000094f8                USBDeviceClass::clear(unsigned long)
 .text._ZN14USBDeviceClass9availableEm
                0x00009530       0x2c c:\source\repos\ed-irrigation\build/..\..\..\..\Users\falve\AppData\Local\Temp\arduino-core-cache\core_arduino_samd_mkrwifi1010_87509c5f7a2933a60a52de5ce586772c.a(USBCore.cpp.o)
                0x00009530                USBDeviceClass::available(unsigned long)
 .text._ZN14USBDeviceClass5flushEm
                0x0000955c       0x2c c:\source\repos\ed-irrigation\build/..\..\..\..\Users\falve\AppData\Local\Temp\arduino-core-cache\core_arduino_samd_mkrwifi1010_87509c5f7a2933a60a52de5ce586772c.a(USBCore.cpp.o)
                0x0000955c                USBDeviceClass::flush(unsigned long)
 .text._ZN14USBDeviceClass4recvEmPvm
                0x00009588       0xc0 c:\source\repos\ed-irrigation\build/..\..\..\..\Users\falve\AppData\Local\Temp\arduino-core-cache\core_arduino_samd_mkrwifi1010_87509c5f7a2933a60a52de5ce586772c.a(USBCore.cpp.o)
                0x00009588                USBDeviceClass::recv(unsigned long, void*, unsigned long)
 .text._ZN14USBDeviceClass4recvEm
                0x00009648       0x1c c:\source\repos\ed-irrigation\build/..\..\..\..\Users\falve\AppData\Local\Temp\arduino-core-cache\core_arduino_samd_mkrwifi1010_87509c5f7a2933a60a52de5ce586772c.a(USBCore.cpp.o)
                0x00009648                USBDeviceClass::recv(unsigned long)
 .text._ZN14USBDeviceClass14armRecvCtrlOUTEm
                0x00009664       0x5c c:\source\repos\ed-irrigation\build/..\..\..\..\Users\falve\AppData\Local\Temp\arduino-core-cache\core_arduino_samd_mkrwifi1010_87509c5f7a2933a60a52de5ce586772c.a(USBCore.cpp.o)
                0x00009664                USBDeviceClass::armRecvCtrlOUT(unsigned long)
 .text._ZN14USBDeviceClass11recvControlEPvm
                0x000096c0       0x28 c:\source\repos\ed-irrigation\build/..\..\..\..\Users\falve\AppData\Local\Temp\arduino-core-cache\core_arduino_samd_mkrwifi1010_87509c5f7a2933a60a52de5ce586772c.a(USBCore.cpp.o)
                0x000096c0                USBDeviceClass::recvControl(void*, unsigned long)
 .text._ZN14USBDeviceClass4sendEmPKvm
                0x000096e8      0x10c c:\source\repos\ed-irrigation\build/..\..\..\..\Users\falve\AppData\Local\Temp\arduino-core-cache\core_arduino_samd_mkrwifi1010_87509c5f7a2933a60a52de5ce586772c.a(USBCore.cpp.o)
                0x000096e8                USBDeviceClass::send(unsigned long, void const*, unsigned long)
 .text._ZN14USBDeviceClass7armSendEmPKvm
                0x000097f4       0x48 c:\source\repos\ed-irrigation\build/..\..\..\..\Users\falve\AppData\Local\Temp\arduino-core-cache\core_arduino_samd_mkrwifi1010_87509c5f7a2933a60a52de5ce586772c.a(USBCore.cpp.o)
                0x000097f4                USBDeviceClass::armSend(unsigned long, void const*, unsigned long)
 .text._ZN14USBDeviceClass11sendControlEPKvm
                0x0000983c       0x54 c:\source\repos\ed-irrigation\build/..\..\..\..\Users\falve\AppData\Local\Temp\arduino-core-cache\core_arduino_samd_mkrwifi1010_87509c5f7a2933a60a52de5ce586772c.a(USBCore.cpp.o)
                0x0000983c                USBDeviceClass::sendControl(void const*, unsigned long)
 .text._ZN14USBDeviceClass20sendStringDescriptorEPKhm
                0x00009890       0x64 c:\source\repos\ed-irrigation\build/..\..\..\..\Users\falve\AppData\Local\Temp\arduino-core-cache\core_arduino_samd_mkrwifi1010_87509c5f7a2933a60a52de5ce586772c.a(USBCore.cpp.o)
                0x00009890                USBDeviceClass::sendStringDescriptor(unsigned char const*, unsigned long)
 .text._ZN14USBDeviceClass17sendConfigurationEm
                0x000098f4       0x80 c:\source\repos\ed-irrigation\build/..\..\..\..\Users\falve\AppData\Local\Temp\arduino-core-cache\core_arduino_samd_mkrwifi1010_87509c5f7a2933a60a52de5ce586772c.a(USBCore.cpp.o)
                0x000098f4                USBDeviceClass::sendConfiguration(unsigned long)
 .text._ZN14USBDeviceClass14sendDescriptorERN7arduino8USBSetupE
                0x00009974       0xd8 c:\source\repos\ed-irrigation\build/..\..\..\..\Users\falve\AppData\Local\Temp\arduino-core-cache\core_arduino_samd_mkrwifi1010_87509c5f7a2933a60a52de5ce586772c.a(USBCore.cpp.o)
                0x00009974                USBDeviceClass::sendDescriptor(arduino::USBSetup&)
 .text._ZN14USBDeviceClass7sendZlpEm
                0x00009a4c       0x18 c:\source\repos\ed-irrigation\build/..\..\..\..\Users\falve\AppData\Local\Temp\arduino-core-cache\core_arduino_samd_mkrwifi1010_87509c5f7a2933a60a52de5ce586772c.a(USBCore.cpp.o)
                0x00009a4c                USBDeviceClass::sendZlp(unsigned long)
 .text._ZN14USBDeviceClass19handleStandardSetupERN7arduino8USBSetupE
                0x00009a64       0xf0 c:\source\repos\ed-irrigation\build/..\..\..\..\Users\falve\AppData\Local\Temp\arduino-core-cache\core_arduino_samd_mkrwifi1010_87509c5f7a2933a60a52de5ce586772c.a(USBCore.cpp.o)
                0x00009a64                USBDeviceClass::handleStandardSetup(arduino::USBSetup&)
 .text._ZN14USBDeviceClass10ISRHandlerEv
                0x00009b54      0x108 c:\source\repos\ed-irrigation\build/..\..\..\..\Users\falve\AppData\Local\Temp\arduino-core-cache\core_arduino_samd_mkrwifi1010_87509c5f7a2933a60a52de5ce586772c.a(USBCore.cpp.o)
                0x00009b54                USBDeviceClass::ISRHandler()
 .text.UDD_Handler
                0x00009c5c       0x10 c:\source\repos\ed-irrigation\build/..\..\..\..\Users\falve\AppData\Local\Temp\arduino-core-cache\core_arduino_samd_mkrwifi1010_87509c5f7a2933a60a52de5ce586772c.a(USBCore.cpp.o)
                0x00009c5c                UDD_Handler
 .text._ZN7arduino13PluggableUSB_C2Ev
                0x00009c6c       0x10 c:\source\repos\ed-irrigation\build/..\..\..\..\Users\falve\AppData\Local\Temp\arduino-core-cache\core_arduino_samd_mkrwifi1010_87509c5f7a2933a60a52de5ce586772c.a(USBCore.cpp.o)
                0x00009c6c                arduino::PluggableUSB_::PluggableUSB_()
                0x00009c6c                arduino::PluggableUSB_::PluggableUSB_()
 .text._Z8epBufferj
                0x00009c7c        0xc c:\source\repos\ed-irrigation\build/..\..\..\..\Users\falve\AppData\Local\Temp\arduino-core-cache\core_arduino_samd_mkrwifi1010_87509c5f7a2933a60a52de5ce586772c.a(USBCore.cpp.o)
                0x00009c7c                epBuffer(unsigned int)
 .text._ZN7arduino11RingBufferNILi64EE10store_charEh
                0x00009c88       0x1c c:\source\repos\ed-irrigation\build/..\..\..\..\Users\falve\AppData\Local\Temp\arduino-core-cache\core_arduino_samd_mkrwifi1010_87509c5f7a2933a60a52de5ce586772c.a(USBCore.cpp.o)
                0x00009c88                arduino::RingBufferN<64>::store_char(unsigned char)
 .text._ZN26DoubleBufferedEPOutHandler5_recvEv
                0x00009ca4      0x15e c:\source\repos\ed-irrigation\build/..\..\..\..\Users\falve\AppData\Local\Temp\arduino-core-cache\core_arduino_samd_mkrwifi1010_87509c5f7a2933a60a52de5ce586772c.a(USBCore.cpp.o)
                0x00009ca4                DoubleBufferedEPOutHandler::_recv()
 .text._ZN26DoubleBufferedEPOutHandler9availableEv
                0x00009e02        0xc c:\source\repos\ed-irrigation\build/..\..\..\..\Users\falve\AppData\Local\Temp\arduino-core-cache\core_arduino_samd_mkrwifi1010_87509c5f7a2933a60a52de5ce586772c.a(USBCore.cpp.o)
                0x00009e02                DoubleBufferedEPOutHandler::available()
 .text._ZN26DoubleBufferedEPOutHandler4peekEv
                0x00009e0e       0x1c c:\source\repos\ed-irrigation\build/..\..\..\..\Users\falve\AppData\Local\Temp\arduino-core-cache\core_arduino_samd_mkrwifi1010_87509c5f7a2933a60a52de5ce586772c.a(USBCore.cpp.o)
                0x00009e0e                DoubleBufferedEPOutHandler::peek()
 .text._ZN26DoubleBufferedEPOutHandler4recvEPvm
                0x00009e2a       0x60 c:\source\repos\ed-irrigation\build/..\..\..\..\Users\falve\AppData\Local\Temp\arduino-core-cache\core_arduino_samd_mkrwifi1010_87509c5f7a2933a60a52de5ce586772c.a(USBCore.cpp.o)
                0x00009e2a                DoubleBufferedEPOutHandler::recv(void*, unsigned long)
 *fill*         0x00009e8a        0x2 
 .text.startup._GLOBAL__sub_I_usbd
                0x00009e8c       0x10 c:\source\repos\ed-irrigation\build/..\..\..\..\Users\falve\AppData\Local\Temp\arduino-core-cache\core_arduino_samd_mkrwifi1010_87509c5f7a2933a60a52de5ce586772c.a(USBCore.cpp.o)
 .text._ZN4UartcvbEv
                0x00009e9c        0x4 c:\source\repos\ed-irrigation\build/..\..\..\..\Users\falve\AppData\Local\Temp\arduino-core-cache\core_arduino_samd_mkrwifi1010_87509c5f7a2933a60a52de5ce586772c.a(Uart.cpp.o)
                0x00009e9c                Uart::operator bool()
 .text._ZN4Uart5beginEm
                0x00009ea0       0x10 c:\source\repos\ed-irrigation\build/..\..\..\..\Users\falve\AppData\Local\Temp\arduino-core-cache\core_arduino_samd_mkrwifi1010_87509c5f7a2933a60a52de5ce586772c.a(Uart.cpp.o)
                0x00009ea0                Uart::begin(unsigned long)
 .text._ZN4Uart9availableEv
                0x00009eb0        0x4 c:\source\repos\ed-irrigation\build/..\..\..\..\Users\falve\AppData\Local\Temp\arduino-core-cache\core_arduino_samd_mkrwifi1010_87509c5f7a2933a60a52de5ce586772c.a(Uart.cpp.o)